E/SurfaceFlinger(   37): ro.sf.lcd_density must be defined as a build property
W/EGL_emulation(  392): eglSurfaceAttrib not implemented
D/dalvikvm(  392): GC_CONCURRENT freed 2196K, 36% free 6136K/9512K, paused 22ms+16ms, total 209ms
D/dalvikvm(  392): WAIT_FOR_CONCURRENT_GC blocked 78ms
D/dalvikvm(  392): GC_FOR_ALLOC freed 164K, 37% free 6053K/9512K, paused 76ms, total 77ms
I/dalvikvm-heap(  392): Grow heap (frag case) to 6.911MB for 925072-byte allocation
D/dalvikvm(  392): GC_FOR_ALLOC freed 6K, 34% free 6950K/10416K, paused 108ms, total 108ms
I/Choreographer(  392): Skipped 41 frames!  The application may be doing too much work on its main thread.
D/dalvikvm(  392): GC_CONCURRENT freed 1273K, 31% free 7195K/10416K, paused 39ms+7ms, total 90ms
D/dalvikvm(  392): WAIT_FOR_CONCURRENT_GC blocked 37ms
D/dalvikvm(  392): WAIT_FOR_CONCURRENT_GC blocked 55ms
D/dalvikvm(  392): GC_FOR_ALLOC freed 1771K, 34% free 6885K/10416K, paused 37ms, total 40ms
D/ExchangeService(  599): Received deviceId from Email app: null
D/ExchangeService(  599): !!! deviceId unknown; stopping self and retrying
D/AndroidRuntime( 2538): 
D/AndroidRuntime( 2538): >>>>>> AndroidRuntime START com.android.internal.os.RuntimeInit <<<<<<
D/AndroidRuntime( 2538): CheckJNI is ON
D/dalvikvm( 2538): Trying to load lib libjavacore.so 0x0
D/dalvikvm( 2538): Added shared lib libjavacore.so 0x0
D/dalvikvm( 2538): Trying to load lib libnativehelper.so 0x0
D/dalvikvm( 2538): Added shared lib libnativehelper.so 0x0
D/AndroidRuntime( 2538): Calling main entry com.android.commands.pm.Pm
W/ActivityManager(  278): No content provider found for permission revoke: file:///data/local/tmp/ogl-box2d-basics-debug.apk
W/ActivityManager(  278): No content provider found for permission revoke: file:///data/local/tmp/ogl-box2d-basics-debug.apk
I/PackageManager(  278): Copying native libraries to /data/app-lib/vmdl-1581516225
I/PackageManager(  278): Running dexopt on: com.lmdig.android.tutorial.oglbox2dbasics
D/dalvikvm( 2550): DexOpt: load 60ms, verify+opt 335ms, 383684 bytes
I/ActivityManager(  278): Force stopping package com.lmdig.android.tutorial.oglbox2dbasics appid=10049 user=-1
D/PackageManager(  278): New package installed in /data/app/com.lmdig.android.tutorial.oglbox2dbasics-1.apk
D/dalvikvm(  278): GC_CONCURRENT freed 947K, 20% free 6933K/8568K, paused 147ms+9ms, total 233ms
D/dalvikvm(  278): WAIT_FOR_CONCURRENT_GC blocked 65ms
D/dalvikvm(  278): GC_EXPLICIT freed 75K, 20% free 6858K/8568K, paused 15ms+9ms, total 99ms
D/dalvikvm(  278): WAIT_FOR_CONCURRENT_GC blocked 164ms
D/dalvikvm(  278): WAIT_FOR_CONCURRENT_GC blocked 184ms
D/dalvikvm(  278): WAIT_FOR_CONCURRENT_GC blocked 200ms
I/InputReader(  278): Reconfiguring input devices.  changes=0x00000010
I/Choreographer(  392): Skipped 34 frames!  The application may be doing too much work on its main thread.
W/InputMethodManagerService(  278): Found no subtypes in a system IME: com.android.inputmethod.pinyin
D/AndroidRuntime( 2538): Shutting down VM
D/dalvikvm( 2538): GC_CONCURRENT freed 91K, 17% free 459K/552K, paused 1ms+1ms, total 8ms
D/dalvikvm(  392): GC_FOR_ALLOC freed 2427K, 40% free 5752K/9572K, paused 50ms, total 74ms
D/ExchangeService(  599): !!! EAS ExchangeService, onStartCommand, startingUp = false, running = false
W/ActivityManager(  278): Unable to start service Intent { act=com.android.email.ACCOUNT_INTENT } U=0: not found
D/ExchangeService(  599): !!! Email application not found; stopping self
W/ActivityManager(  278): Unable to start service Intent { act=com.android.email.ACCOUNT_INTENT } U=0: not found
I/Choreographer(  392): Skipped 37 frames!  The application may be doing too much work on its main thread.
E/ActivityThread(  599): Service com.android.exchange.ExchangeService has leaked ServiceConnection com.android.emailcommon.service.ServiceProxy$ProxyConnection@40d0a5a8 that was originally bound here
E/ActivityThread(  599): android.app.ServiceConnectionLeaked: Service com.android.exchange.ExchangeService has leaked ServiceConnection com.android.emailcommon.service.ServiceProxy$ProxyConnection@40d0a5a8 that was originally bound here
E/ActivityThread(  599): 	at android.app.LoadedApk$ServiceDispatcher.<init>(LoadedApk.java:969)
E/ActivityThread(  599): 	at android.app.LoadedApk.getServiceDispatcher(LoadedApk.java:863)
E/ActivityThread(  599): 	at android.app.ContextImpl.bindService(ContextImpl.java:1418)
E/ActivityThread(  599): 	at android.app.ContextImpl.bindService(ContextImpl.java:1407)
E/ActivityThread(  599): 	at android.content.ContextWrapper.bindService(ContextWrapper.java:473)
E/ActivityThread(  599): 	at com.android.emailcommon.service.ServiceProxy.setTask(ServiceProxy.java:157)
E/ActivityThread(  599): 	at com.android.emailcommon.service.ServiceProxy.setTask(ServiceProxy.java:145)
E/ActivityThread(  599): 	at com.android.emailcommon.service.ServiceProxy.test(ServiceProxy.java:191)
E/ActivityThread(  599): 	at com.android.exchange.ExchangeService$7.run(ExchangeService.java:1850)
E/ActivityThread(  599): 	at com.android.emailcommon.utility.Utility$2.doInBackground(Utility.java:551)
E/ActivityThread(  599): 	at com.android.emailcommon.utility.Utility$2.doInBackground(Utility.java:549)
E/ActivityThread(  599): 	at android.os.AsyncTask$2.call(AsyncTask.java:287)
E/ActivityThread(  599): 	at java.util.concurrent.FutureTask.run(FutureTask.java:234)
E/ActivityThread(  599): 	at java.util.concurrent.ThreadPoolExecutor.runWorker(ThreadPoolExecutor.java:1080)
E/ActivityThread(  599): 	at java.util.concurrent.ThreadPoolExecutor$Worker.run(ThreadPoolExecutor.java:573)
E/ActivityThread(  599): 	at java.lang.Thread.run(Thread.java:856)
E/StrictMode(  599): null
E/StrictMode(  599): android.app.ServiceConnectionLeaked: Service com.android.exchange.ExchangeService has leaked ServiceConnection com.android.emailcommon.service.ServiceProxy$ProxyConnection@40d0a5a8 that was originally bound here
E/StrictMode(  599): 	at android.app.LoadedApk$ServiceDispatcher.<init>(LoadedApk.java:969)
E/StrictMode(  599): 	at android.app.LoadedApk.getServiceDispatcher(LoadedApk.java:863)
E/StrictMode(  599): 	at android.app.ContextImpl.bindService(ContextImpl.java:1418)
E/StrictMode(  599): 	at android.app.ContextImpl.bindService(ContextImpl.java:1407)
E/StrictMode(  599): 	at android.content.ContextWrapper.bindService(ContextWrapper.java:473)
E/StrictMode(  599): 	at com.android.emailcommon.service.ServiceProxy.setTask(ServiceProxy.java:157)
E/StrictMode(  599): 	at com.android.emailcommon.service.ServiceProxy.setTask(ServiceProxy.java:145)
E/StrictMode(  599): 	at com.android.emailcommon.service.ServiceProxy.test(ServiceProxy.java:191)
E/StrictMode(  599): 	at com.android.exchange.ExchangeService$7.run(ExchangeService.java:1850)
E/StrictMode(  599): 	at com.android.emailcommon.utility.Utility$2.doInBackground(Utility.java:551)
E/StrictMode(  599): 	at com.android.emailcommon.utility.Utility$2.doInBackground(Utility.java:549)
E/StrictMode(  599): 	at android.os.AsyncTask$2.call(AsyncTask.java:287)
E/StrictMode(  599): 	at java.util.concurrent.FutureTask.run(FutureTask.java:234)
E/StrictMode(  599): 	at java.util.concurrent.ThreadPoolExecutor.runWorker(ThreadPoolExecutor.java:1080)
E/StrictMode(  599): 	at java.util.concurrent.ThreadPoolExecutor$Worker.run(ThreadPoolExecutor.java:573)
E/StrictMode(  599): 	at java.lang.Thread.run(Thread.java:856)
D/dalvikvm(  392): GC_CONCURRENT freed 831K, 38% free 5973K/9572K, paused 14ms+9ms, total 105ms
D/dalvikvm(  392): WAIT_FOR_CONCURRENT_GC blocked 70ms
W/ActivityManager(  278): Unbind failed: could not find connection for android.os.BinderProxy@4116ef58
E/ActivityThread(  599): Service com.android.exchange.ExchangeService has leaked ServiceConnection com.android.emailcommon.service.ServiceProxy$ProxyConnection@40d0a9d8 that was originally bound here
E/ActivityThread(  599): android.app.ServiceConnectionLeaked: Service com.android.exchange.ExchangeService has leaked ServiceConnection com.android.emailcommon.service.ServiceProxy$ProxyConnection@40d0a9d8 that was originally bound here
E/ActivityThread(  599): 	at android.app.LoadedApk$ServiceDispatcher.<init>(LoadedApk.java:969)
E/ActivityThread(  599): 	at android.app.LoadedApk.getServiceDispatcher(LoadedApk.java:863)
E/ActivityThread(  599): 	at android.app.ContextImpl.bindService(ContextImpl.java:1418)
E/ActivityThread(  599): 	at android.app.ContextImpl.bindService(ContextImpl.java:1407)
E/ActivityThread(  599): 	at android.content.ContextWrapper.bindService(ContextWrapper.java:473)
E/ActivityThread(  599): 	at com.android.emailcommon.service.ServiceProxy.setTask(ServiceProxy.java:157)
E/ActivityThread(  599): 	at com.android.emailcommon.service.ServiceProxy.setTask(ServiceProxy.java:145)
E/ActivityThread(  599): 	at com.android.emailcommon.service.AccountServiceProxy.getDeviceId(AccountServiceProxy.java:116)
E/ActivityThread(  599): 	at com.android.exchange.ExchangeService.getDeviceId(ExchangeService.java:1249)
E/ActivityThread(  599): 	at com.android.exchange.ExchangeService$7.run(ExchangeService.java:1856)
E/ActivityThread(  599): 	at com.android.emailcommon.utility.Utility$2.doInBackground(Utility.java:551)
E/ActivityThread(  599): 	at com.android.emailcommon.utility.Utility$2.doInBackground(Utility.java:549)
E/ActivityThread(  599): 	at android.os.AsyncTask$2.call(AsyncTask.java:287)
E/ActivityThread(  599): 	at java.util.concurrent.FutureTask.run(FutureTask.java:234)
E/ActivityThread(  599): 	at java.util.concurrent.ThreadPoolExecutor.runWorker(ThreadPoolExecutor.java:1080)
E/ActivityThread(  599): 	at java.util.concurrent.ThreadPoolExecutor$Worker.run(ThreadPoolExecutor.java:573)
E/ActivityThread(  599): 	at java.lang.Thread.run(Thread.java:856)
E/StrictMode(  599): null
E/StrictMode(  599): android.app.ServiceConnectionLeaked: Service com.android.exchange.ExchangeService has leaked ServiceConnection com.android.emailcommon.service.ServiceProxy$ProxyConnection@40d0a9d8 that was originally bound here
E/StrictMode(  599): 	at android.app.LoadedApk$ServiceDispatcher.<init>(LoadedApk.java:969)
E/StrictMode(  599): 	at android.app.LoadedApk.getServiceDispatcher(LoadedApk.java:863)
E/StrictMode(  599): 	at android.app.ContextImpl.bindService(ContextImpl.java:1418)
E/StrictMode(  599): 	at android.app.ContextImpl.bindService(ContextImpl.java:1407)
E/StrictMode(  599): 	at android.content.ContextWrapper.bindService(ContextWrapper.java:473)
E/StrictMode(  599): 	at com.android.emailcommon.service.ServiceProxy.setTask(ServiceProxy.java:157)
E/StrictMode(  599): 	at com.android.emailcommon.service.ServiceProxy.setTask(ServiceProxy.java:145)
E/StrictMode(  599): 	at com.android.emailcommon.service.AccountServiceProxy.getDeviceId(AccountServiceProxy.java:116)
E/StrictMode(  599): 	at com.android.exchange.ExchangeService.getDeviceId(ExchangeService.java:1249)
E/StrictMode(  599): 	at com.android.exchange.ExchangeService$7.run(ExchangeService.java:1856)
E/StrictMode(  599): 	at com.android.emailcommon.utility.Utility$2.doInBackground(Utility.java:551)
E/StrictMode(  599): 	at com.android.emailcommon.utility.Utility$2.doInBackground(Utility.java:549)
E/StrictMode(  599): 	at android.os.AsyncTask$2.call(AsyncTask.java:287)
E/StrictMode(  599): 	at java.util.concurrent.FutureTask.run(FutureTask.java:234)
E/StrictMode(  599): 	at java.util.concurrent.ThreadPoolExecutor.runWorker(ThreadPoolExecutor.java:1080)
E/StrictMode(  599): 	at java.util.concurrent.ThreadPoolExecutor$Worker.run(ThreadPoolExecutor.java:573)
E/StrictMode(  599): 	at java.lang.Thread.run(Thread.java:856)
D/dalvikvm(  392): GC_CONCURRENT freed 272K, 28% free 6898K/9572K, paused 17ms+27ms, total 121ms
D/dalvikvm(  392): GC_FOR_ALLOC freed 379K, 28% free 6975K/9572K, paused 54ms, total 68ms
I/dalvikvm-heap(  392): Grow heap (frag case) to 7.430MB for 525136-byte allocation
D/dalvikvm(  392): GC_FOR_ALLOC freed <1K, 26% free 7488K/10088K, paused 63ms, total 63ms
W/ActivityManager(  278): Unbind failed: could not find connection for android.os.BinderProxy@41106cb8
W/RecognitionManagerService(  278): no available voice recognition services found for user 0
D/dalvikvm(  392): GC_FOR_ALLOC freed 2005K, 32% free 6878K/10088K, paused 34ms, total 34ms
D/dalvikvm(  392): GC_FOR_ALLOC freed 1044K, 30% free 7088K/10088K, paused 34ms, total 36ms
I/ActivityManager(  278): START u0 {act=android.intent.action.MAIN cat=[android.intent.category.LAUNCHER] flg=0x10200000 cmp=com.lmdig.android.tutorial.oglbox2dbasics/.MainActivity} from pid 392
E/SurfaceFlinger(   37): ro.sf.lcd_density must be defined as a build property
D/dalvikvm( 2562): Not late-enabling CheckJNI (already on)
I/ActivityManager(  278): Start proc com.lmdig.android.tutorial.oglbox2dbasics for activity com.lmdig.android.tutorial.oglbox2dbasics/.MainActivity: pid=2562 uid=10049 gids={50049, 1028}
I/dalvikvm( 2562): Turning on JNI app bug workarounds for target SDK version 9...
E/Trace   ( 2562): error opening trace file: No such file or directory (2)
D/dalvikvm( 2562): Trying to load lib /data/app-lib/com.lmdig.android.tutorial.oglbox2dbasics-1/libbox2d.so 0x40ce52f0
D/dalvikvm( 2562): Added shared lib /data/app-lib/com.lmdig.android.tutorial.oglbox2dbasics-1/libbox2d.so 0x40ce52f0
D/dalvikvm( 2562): No JNI_OnLoad found in /data/app-lib/com.lmdig.android.tutorial.oglbox2dbasics-1/libbox2d.so 0x40ce52f0, skipping init
I/pg      ( 2562): Using JNIBox2D as physics engine.
D/dalvikvm( 2562): Trying to load lib /data/app-lib/com.lmdig.android.tutorial.oglbox2dbasics-1/libbox2d.so 0x40ce52f0
D/dalvikvm( 2562): Shared lib '/data/app-lib/com.lmdig.android.tutorial.oglbox2dbasics-1/libbox2d.so' already loaded in same CL 0x40ce52f0
I/System.out( 2562): associated com.kristianlm.robotanks.box2dbridge.jnibox2d.JNIBox2DBody@40cec370_ID<0> with 0
I/System.out( 2562): associated com.kristianlm.robotanks.box2dbridge.jnibox2d.JNIBox2DBody@40cee530_ID<1> with 1
I/System.out( 2562): associated com.kristianlm.robotanks.box2dbridge.jnibox2d.JNIBox2DBody@40cef4b0_ID<2> with 2
V/PhoneStatusBar(  338): setLightsOn(true)
E/SurfaceFlinger(   37): ro.sf.lcd_density must be defined as a build property
E/SurfaceFlinger(   37): ro.sf.lcd_density must be defined as a build property
D/libEGL  ( 2562): loaded /system/lib/egl/libEGL_emulation.so
D/        ( 2562): HostConnection::get() New Host Connection established 0x2a150a60, tid 2575
D/libEGL  ( 2562): loaded /system/lib/egl/libGLESv1_CM_emulation.so
D/libEGL  ( 2562): loaded /system/lib/egl/libGLESv2_emulation.so
D/        ( 2562): HostConnection::get() New Host Connection established 0x2a188688, tid 2562
D/Calling nat( 2562): Updating all positions
D/Native  ( 2562): Calling Callback on body com.kristianlm.robotanks.box2dbridge.jnibox2d.JNIBox2DBody@40cee530_ID<1> x:0.0 y:-0.00625 angVel:0.0
D/Native  ( 2562): Calling Callback on body com.kristianlm.robotanks.box2dbridge.jnibox2d.JNIBox2DBody@40cef4b0_ID<2> x:0.0 y:-1.00625 angVel:0.0
I/ActivityManager(  278): Displayed com.lmdig.android.tutorial.oglbox2dbasics/.MainActivity: +812ms
D/Calling nat( 2562): Updating all positions
D/Native  ( 2562): Calling Callback on body com.kristianlm.robotanks.box2dbridge.jnibox2d.JNIBox2DBody@40cee530_ID<1> x:0.0 y:-0.01875 angVel:0.0
D/Native  ( 2562): Calling Callback on body com.kristianlm.robotanks.box2dbridge.jnibox2d.JNIBox2DBody@40cef4b0_ID<2> x:0.0 y:-1.0187501 angVel:0.0
D/Calling nat( 2562): Updating all positions
D/Native  ( 2562): Calling Callback on body com.kristianlm.robotanks.box2dbridge.jnibox2d.JNIBox2DBody@40cee530_ID<1> x:0.0 y:-0.0375 angVel:0.0
D/Native  ( 2562): Calling Callback on body com.kristianlm.robotanks.box2dbridge.jnibox2d.JNIBox2DBody@40cef4b0_ID<2> x:0.0 y:-1.0375 angVel:0.0
D/Calling nat( 2562): Updating all positions
D/Native  ( 2562): Calling Callback on body com.kristianlm.robotanks.box2dbridge.jnibox2d.JNIBox2DBody@40cee530_ID<1> x:0.0 y:-0.0625 angVel:0.0
D/Native  ( 2562): Calling Callback on body com.kristianlm.robotanks.box2dbridge.jnibox2d.JNIBox2DBody@40cef4b0_ID<2> x:0.0 y:-1.0625 angVel:0.0
D/Calling nat( 2562): Updating all positions
D/Native  ( 2562): Calling Callback on body com.kristianlm.robotanks.box2dbridge.jnibox2d.JNIBox2DBody@40cee530_ID<1> x:0.0 y:-0.09375 angVel:0.0
D/Native  ( 2562): Calling Callback on body com.kristianlm.robotanks.box2dbridge.jnibox2d.JNIBox2DBody@40cef4b0_ID<2> x:0.0 y:-1.09375 angVel:0.0
D/Calling nat( 2562): Updating all positions
D/Native  ( 2562): Calling Callback on body com.kristianlm.robotanks.box2dbridge.jnibox2d.JNIBox2DBody@40cee530_ID<1> x:0.0 y:-0.13125 angVel:0.0
D/Native  ( 2562): Calling Callback on body com.kristianlm.robotanks.box2dbridge.jnibox2d.JNIBox2DBody@40cef4b0_ID<2> x:0.0 y:-1.13125 angVel:0.0
D/Calling nat( 2562): Updating all positions
D/Native  ( 2562): Calling Callback on body com.kristianlm.robotanks.box2dbridge.jnibox2d.JNIBox2DBody@40cee530_ID<1> x:0.0 y:-0.175 angVel:0.0
D/Native  ( 2562): Calling Callback on body com.kristianlm.robotanks.box2dbridge.jnibox2d.JNIBox2DBody@40cef4b0_ID<2> x:0.0 y:-1.1750001 angVel:0.0
D/Calling nat( 2562): Updating all positions
D/Native  ( 2562): Calling Callback on body com.kristianlm.robotanks.box2dbridge.jnibox2d.JNIBox2DBody@40cee530_ID<1> x:6.3622853E-4 y:-0.21356772 angVel:-1.4514968
D/Native  ( 2562): Calling Callback on body com.kristianlm.robotanks.box2dbridge.jnibox2d.JNIBox2DBody@40cef4b0_ID<2> x:0.0 y:-1.225 angVel:0.0
D/Calling nat( 2562): Updating all positions
D/Native  ( 2562): Calling Callback on body com.kristianlm.robotanks.box2dbridge.jnibox2d.JNIBox2DBody@40cee530_ID<1> x:0.008114885 y:-0.23255236 angVel:-1.6850536
D/Native  ( 2562): Calling Callback on body com.kristianlm.robotanks.box2dbridge.jnibox2d.JNIBox2DBody@40cef4b0_ID<2> x:0.0 y:-1.28125 angVel:0.0
D/Calling nat( 2562): Updating all positions
D/Native  ( 2562): Calling Callback on body com.kristianlm.robotanks.box2dbridge.jnibox2d.JNIBox2DBody@40cee530_ID<1> x:0.016689993 y:-0.25368166 angVel:-1.8751364
D/Native  ( 2562): Calling Callback on body com.kristianlm.robotanks.box2dbridge.jnibox2d.JNIBox2DBody@40cef4b0_ID<2> x:0.0 y:-1.34375 angVel:0.0
D/Calling nat( 2562): Updating all positions
D/Native  ( 2562): Calling Callback on body com.kristianlm.robotanks.box2dbridge.jnibox2d.JNIBox2DBody@40cee530_ID<1> x:0.026432505 y:-0.27738622 angVel:-2.0469513
D/Native  ( 2562): Calling Callback on body com.kristianlm.robotanks.box2dbridge.jnibox2d.JNIBox2DBody@40cef4b0_ID<2> x:0.0 y:-1.4125 angVel:0.0
D/Calling nat( 2562): Updating all positions
D/Native  ( 2562): Calling Callback on body com.kristianlm.robotanks.box2dbridge.jnibox2d.JNIBox2DBody@40cee530_ID<1> x:0.036189172 y:-0.30374414 angVel:-2.2464414
D/Native  ( 2562): Calling Callback on body com.kristianlm.robotanks.box2dbridge.jnibox2d.JNIBox2DBody@40cef4b0_ID<2> x:0.0 y:-1.4875001 angVel:0.0
D/Calling nat( 2562): Updating all positions
D/Native  ( 2562): Calling Callback on body com.kristianlm.robotanks.box2dbridge.jnibox2d.JNIBox2DBody@40cee530_ID<1> x:0.045989253 y:-0.3332816 angVel:-2.4143255
D/Native  ( 2562): Calling Callback on body com.kristianlm.robotanks.box2dbridge.jnibox2d.JNIBox2DBody@40cef4b0_ID<2> x:0.0 y:-1.56875 angVel:0.0
D/Calling nat( 2562): Updating all positions
D/Native  ( 2562): Calling Callback on body com.kristianlm.robotanks.box2dbridge.jnibox2d.JNIBox2DBody@40cee530_ID<1> x:0.056018054 y:-0.36600444 angVel:-2.582983
D/Native  ( 2562): Calling Callback on body com.kristianlm.robotanks.box2dbridge.jnibox2d.JNIBox2DBody@40cef4b0_ID<2> x:0.0 y:-1.65625 angVel:0.0
D/Calling nat( 2562): Updating all positions
D/Native  ( 2562): Calling Callback on body com.kristianlm.robotanks.box2dbridge.jnibox2d.JNIBox2DBody@40cee530_ID<1> x:0.06642781 y:-0.40225568 angVel:-2.7349095
D/Native  ( 2562): Calling Callback on body com.kristianlm.robotanks.box2dbridge.jnibox2d.JNIBox2DBody@40cef4b0_ID<2> x:0.0 y:-1.75 angVel:0.0
D/Calling nat( 2562): Updating all positions
D/Native  ( 2562): Calling Callback on body com.kristianlm.robotanks.box2dbridge.jnibox2d.JNIBox2DBody@40cee530_ID<1> x:0.07731731 y:-0.44247752 angVel:-2.8652713
D/Native  ( 2562): Calling Callback on body com.kristianlm.robotanks.box2dbridge.jnibox2d.JNIBox2DBody@40cef4b0_ID<2> x:0.0 y:-1.85 angVel:0.0
D/Calling nat( 2562): Updating all positions
D/Native  ( 2562): Calling Callback on body com.kristianlm.robotanks.box2dbridge.jnibox2d.JNIBox2DBody@40cee530_ID<1> x:0.08870101 y:-0.48722473 angVel:-2.9675632
D/Native  ( 2562): Calling Callback on body com.kristianlm.robotanks.box2dbridge.jnibox2d.JNIBox2DBody@40cef4b0_ID<2> x:0.0 y:-1.9562501 angVel:0.0
D/Calling nat( 2562): Updating all positions
D/Native  ( 2562): Calling Callback on body com.kristianlm.robotanks.box2dbridge.jnibox2d.JNIBox2DBody@40cee530_ID<1> x:0.10008471 y:-0.53822196 angVel:-2.9675632
D/Native  ( 2562): Calling Callback on body com.kristianlm.robotanks.box2dbridge.jnibox2d.JNIBox2DBody@40cef4b0_ID<2> x:0.0 y:-2.0687501 angVel:0.0
D/Calling nat( 2562): Updating all positions
D/Native  ( 2562): Calling Callback on body com.kristianlm.robotanks.box2dbridge.jnibox2d.JNIBox2DBody@40cee530_ID<1> x:0.111468405 y:-0.5954692 angVel:-2.9675632
D/Native  ( 2562): Calling Callback on body com.kristianlm.robotanks.box2dbridge.jnibox2d.JNIBox2DBody@40cef4b0_ID<2> x:0.0 y:-2.1875002 angVel:0.0
D/Calling nat( 2562): Updating all positions
D/Native  ( 2562): Calling Callback on body com.kristianlm.robotanks.box2dbridge.jnibox2d.JNIBox2DBody@40cee530_ID<1> x:0.12352949 y:-0.65773124 angVel:-3.0570145
D/Native  ( 2562): Calling Callback on body com.kristianlm.robotanks.box2dbridge.jnibox2d.JNIBox2DBody@40cef4b0_ID<2> x:0.0 y:-2.3125002 angVel:0.0
D/Calling nat( 2562): Updating all positions
D/Native  ( 2562): Calling Callback on body com.kristianlm.robotanks.box2dbridge.jnibox2d.JNIBox2DBody@40cee530_ID<1> x:0.13559057 y:-0.7262433 angVel:-3.0570145
D/Native  ( 2562): Calling Callback on body com.kristianlm.robotanks.box2dbridge.jnibox2d.JNIBox2DBody@40cef4b0_ID<2> x:0.0 y:-2.4437501 angVel:0.0
D/Calling nat( 2562): Updating all positions
D/Native  ( 2562): Calling Callback on body com.kristianlm.robotanks.box2dbridge.jnibox2d.JNIBox2DBody@40cee530_ID<1> x:0.14765164 y:-0.8010054 angVel:-3.0570145
D/Native  ( 2562): Calling Callback on body com.kristianlm.robotanks.box2dbridge.jnibox2d.JNIBox2DBody@40cef4b0_ID<2> x:0.0 y:-2.5812502 angVel:0.0
D/Calling nat( 2562): Updating all positions
D/Native  ( 2562): Calling Callback on body com.kristianlm.robotanks.box2dbridge.jnibox2d.JNIBox2DBody@40cee530_ID<1> x:0.15971273 y:-0.8820175 angVel:-3.0570145
D/Native  ( 2562): Calling Callback on body com.kristianlm.robotanks.box2dbridge.jnibox2d.JNIBox2DBody@40cef4b0_ID<2> x:0.0 y:-2.7250001 angVel:0.0
D/Calling nat( 2562): Updating all positions
D/Native  ( 2562): Calling Callback on body com.kristianlm.robotanks.box2dbridge.jnibox2d.JNIBox2DBody@40cee530_ID<1> x:0.17177382 y:-0.9692796 angVel:-3.0570145
D/Native  ( 2562): Calling Callback on body com.kristianlm.robotanks.box2dbridge.jnibox2d.JNIBox2DBody@40cef4b0_ID<2> x:0.0 y:-2.8750002 angVel:0.0
D/Calling nat( 2562): Updating all positions
D/Native  ( 2562): Calling Callback on body com.kristianlm.robotanks.box2dbridge.jnibox2d.JNIBox2DBody@40cee530_ID<1> x:0.18383491 y:-1.0627917 angVel:-3.0570145
D/Native  ( 2562): Calling Callback on body com.kristianlm.robotanks.box2dbridge.jnibox2d.JNIBox2DBody@40cef4b0_ID<2> x:0.0 y:-3.0312502 angVel:0.0
D/Calling nat( 2562): Updating all positions
D/Native  ( 2562): Calling Callback on body com.kristianlm.robotanks.box2dbridge.jnibox2d.JNIBox2DBody@40cee530_ID<1> x:0.195896 y:-1.1625538 angVel:-3.0570145
D/Native  ( 2562): Calling Callback on body com.kristianlm.robotanks.box2dbridge.jnibox2d.JNIBox2DBody@40cef4b0_ID<2> x:0.0 y:-3.1937501 angVel:0.0
D/Calling nat( 2562): Updating all positions
D/Native  ( 2562): Calling Callback on body com.kristianlm.robotanks.box2dbridge.jnibox2d.JNIBox2DBody@40cee530_ID<1> x:0.20795709 y:-1.2685659 angVel:-3.0570145
D/Native  ( 2562): Calling Callback on body com.kristianlm.robotanks.box2dbridge.jnibox2d.JNIBox2DBody@40cef4b0_ID<2> x:0.0 y:-3.3625002 angVel:0.0
D/Calling nat( 2562): Updating all positions
D/Native  ( 2562): Calling Callback on body com.kristianlm.robotanks.box2dbridge.jnibox2d.JNIBox2DBody@40cee530_ID<1> x:0.22001818 y:-1.380828 angVel:-3.0570145
D/Native  ( 2562): Calling Callback on body com.kristianlm.robotanks.box2dbridge.jnibox2d.JNIBox2DBody@40cef4b0_ID<2> x:0.0 y:-3.5375001 angVel:0.0
D/Calling nat( 2562): Updating all positions
D/Native  ( 2562): Calling Callback on body com.kristianlm.robotanks.box2dbridge.jnibox2d.JNIBox2DBody@40cee530_ID<1> x:0.23207927 y:-1.49934 angVel:-3.0570145
D/Native  ( 2562): Calling Callback on body com.kristianlm.robotanks.box2dbridge.jnibox2d.JNIBox2DBody@40cef4b0_ID<2> x:0.0 y:-3.7187502 angVel:0.0
D/Calling nat( 2562): Updating all positions
D/Native  ( 2562): Calling Callback on body com.kristianlm.robotanks.box2dbridge.jnibox2d.JNIBox2DBody@40cee530_ID<1> x:0.24414036 y:-1.6241021 angVel:-3.0570145
D/Native  ( 2562): Calling Callback on body com.kristianlm.robotanks.box2dbridge.jnibox2d.JNIBox2DBody@40cef4b0_ID<2> x:0.0 y:-3.7170663 angVel:0.0
D/Calling nat( 2562): Updating all positions
D/Native  ( 2562): Calling Callback on body com.kristianlm.robotanks.box2dbridge.jnibox2d.JNIBox2DBody@40cee530_ID<1> x:0.25620145 y:-1.7551142 angVel:-3.0570145
D/Native  ( 2562): Calling Callback on body com.kristianlm.robotanks.box2dbridge.jnibox2d.JNIBox2DBody@40cef4b0_ID<2> x:-1.3961124E-10 y:-3.7155876 angVel:2.2351736E-8
D/Calling nat( 2562): Updating all positions
D/Native  ( 2562): Calling Callback on body com.kristianlm.robotanks.box2dbridge.jnibox2d.JNIBox2DBody@40cee530_ID<1> x:0.26826254 y:-1.8923763 angVel:-3.0570145
D/Native  ( 2562): Calling Callback on body com.kristianlm.robotanks.box2dbridge.jnibox2d.JNIBox2DBody@40cef4b0_ID<2> x:-5.825865E-11 y:-3.7142897 angVel:-1.3029461E-8
D/Calling nat( 2562): Updating all positions
D/Native  ( 2562): Calling Callback on body com.kristianlm.robotanks.box2dbridge.jnibox2d.JNIBox2DBody@40cee530_ID<1> x:0.28032362 y:-2.0358884 angVel:-3.0570145
D/Native  ( 2562): Calling Callback on body com.kristianlm.robotanks.box2dbridge.jnibox2d.JNIBox2DBody@40cef4b0_ID<2> x:-3.7915317E-11 y:-3.7131503 angVel:-3.2588803E-9
D/Calling nat( 2562): Updating all positions
D/Native  ( 2562): Calling Callback on body com.kristianlm.robotanks.box2dbridge.jnibox2d.JNIBox2DBody@40cee530_ID<1> x:0.2923847 y:-2.1856506 angVel:-3.0570145
D/Native  ( 2562): Calling Callback on body com.kristianlm.robotanks.box2dbridge.jnibox2d.JNIBox2DBody@40cef4b0_ID<2> x:3.9716383E-11 y:-3.7121506 angVel:-1.2437323E-8
D/Calling nat( 2562): Updating all positions
D/Native  ( 2562): Calling Callback on body com.kristianlm.robotanks.box2dbridge.jnibox2d.JNIBox2DBody@40cee530_ID<1> x:0.3044458 y:-2.3416626 angVel:-3.0570145
D/Native  ( 2562): Calling Callback on body com.kristianlm.robotanks.box2dbridge.jnibox2d.JNIBox2DBody@40cef4b0_ID<2> x:2.298188E-10 y:-3.711273 angVel:-3.0456736E-8
D/Calling nat( 2562): Updating all positions
D/Native  ( 2562): Calling Callback on body com.kristianlm.robotanks.box2dbridge.jnibox2d.JNIBox2DBody@40cee530_ID<1> x:0.3165069 y:-2.5039246 angVel:-3.0570145
D/Native  ( 2562): Calling Callback on body com.kristianlm.robotanks.box2dbridge.jnibox2d.JNIBox2DBody@40cef4b0_ID<2> x:9.2384836E-11 y:-3.7106338 angVel:2.65238E-8
D/Calling nat( 2562): Updating all positions
D/Native  ( 2562): Calling Callback on body com.kristianlm.robotanks.box2dbridge.jnibox2d.JNIBox2DBody@40cee530_ID<1> x:0.33754256 y:-2.6130295 angVel:-2.9806159
D/Native  ( 2562): Calling Callback on body com.kristianlm.robotanks.box2dbridge.jnibox2d.JNIBox2DBody@40cef4b0_ID<2> x:-0.00672571 y:-3.7225075 angVel:1.078876
D/Calling nat( 2562): Updating all positions
D/Native  ( 2562): Calling Callback on body com.kristianlm.robotanks.box2dbridge.jnibox2d.JNIBox2DBody@40cee530_ID<1> x:0.37101197 y:-2.6624727 angVel:-3.5885584
D/Native  ( 2562): Calling Callback on body com.kristianlm.robotanks.box2dbridge.jnibox2d.JNIBox2DBody@40cef4b0_ID<2> x:-0.014237686 y:-3.7332509 angVel:1.2414029
D/Calling nat( 2562): Updating all positions
D/Native  ( 2562): Calling Callback on body com.kristianlm.robotanks.box2dbridge.jnibox2d.JNIBox2DBody@40cee530_ID<1> x:0.41378585 y:-2.6719427 angVel:-4.817515
D/Native  ( 2562): Calling Callback on body com.kristianlm.robotanks.box2dbridge.jnibox2d.JNIBox2DBody@40cef4b0_ID<2> x:-0.017992552 y:-3.7367973 angVel:-0.16373911
D/Calling nat( 2562): Updating all positions
D/Native  ( 2562): Calling Callback on body com.kristianlm.robotanks.box2dbridge.jnibox2d.JNIBox2DBody@40cee530_ID<1> x:0.46081227 y:-2.6734297 angVel:-5.6342573
D/Native  ( 2562): Calling Callback on body com.kristianlm.robotanks.box2dbridge.jnibox2d.JNIBox2DBody@40cef4b0_ID<2> x:-0.020071661 y:-3.7332964 angVel:-1.1935167
D/Calling nat( 2562): Updating all positions
D/Native  ( 2562): Calling Callback on body com.kristianlm.robotanks.box2dbridge.jnibox2d.JNIBox2DBody@40cee530_ID<1> x:0.50784385 y:-2.681556 angVel:-5.6342573
D/Native  ( 2562): Calling Callback on body com.kristianlm.robotanks.box2dbridge.jnibox2d.JNIBox2DBody@40cef4b0_ID<2> x:-0.020905912 y:-3.729909 angVel:-0.83142024
D/Calling nat( 2562): Updating all positions
D/Native  ( 2562): Calling Callback on body com.kristianlm.robotanks.box2dbridge.jnibox2d.JNIBox2DBody@40cee530_ID<1> x:0.55487543 y:-2.6959321 angVel:-5.6342573
D/Native  ( 2562): Calling Callback on body com.kristianlm.robotanks.box2dbridge.jnibox2d.JNIBox2DBody@40cef4b0_ID<2> x:-0.020750577 y:-3.7268996 angVel:-0.023761764
D/Calling nat( 2562): Updating all positions
D/Native  ( 2562): Calling Callback on body com.kristianlm.robotanks.box2dbridge.jnibox2d.JNIBox2DBody@40cee530_ID<1> x:0.601907 y:-2.7165582 angVel:-5.6342573
D/Native  ( 2562): Calling Callback on body com.kristianlm.robotanks.box2dbridge.jnibox2d.JNIBox2DBody@40cef4b0_ID<2> x:-0.020510143 y:-3.7242544 angVel:-0.08501704
D/Calling nat( 2562): Updating all positions
D/Native  ( 2562): Calling Callback on body com.kristianlm.robotanks.box2dbridge.jnibox2d.JNIBox2DBody@40cee530_ID<1> x:0.6489386 y:-2.7434344 angVel:-5.6342573
D/Native  ( 2562): Calling Callback on body com.kristianlm.robotanks.box2dbridge.jnibox2d.JNIBox2DBody@40cef4b0_ID<2> x:-0.020385578 y:-3.721924 angVel:-0.019419573
D/Calling nat( 2562): Updating all positions
D/Native  ( 2562): Calling Callback on body com.kristianlm.robotanks.box2dbridge.jnibox2d.JNIBox2DBody@40cee530_ID<1> x:0.6959702 y:-2.7765605 angVel:-5.6342573
D/Native  ( 2562): Calling Callback on body com.kristianlm.robotanks.box2dbridge.jnibox2d.JNIBox2DBody@40cef4b0_ID<2> x:-0.02038232 y:-3.7198718 angVel:-5.1151897E-4
D/Calling nat( 2562): Updating all positions
D/Native  ( 2562): Calling Callback on body com.kristianlm.robotanks.box2dbridge.jnibox2d.JNIBox2DBody@40cee530_ID<1> x:0.74300176 y:-2.8159366 angVel:-5.6342573
D/Native  ( 2562): Calling Callback on body com.kristianlm.robotanks.box2dbridge.jnibox2d.JNIBox2DBody@40cef4b0_ID<2> x:-0.020426575 y:-3.7180645 angVel:0.0069894064
D/Calling nat( 2562): Updating all positions
D/Native  ( 2562): Calling Callback on body com.kristianlm.robotanks.box2dbridge.jnibox2d.JNIBox2DBody@40cee530_ID<1> x:0.79003334 y:-2.8615627 angVel:-5.6342573
D/Native  ( 2562): Calling Callback on body com.kristianlm.robotanks.box2dbridge.jnibox2d.JNIBox2DBody@40cef4b0_ID<2> x:-0.020460984 y:-3.7164738 angVel:0.005458483
D/Calling nat( 2562): Updating all positions
D/Native  ( 2562): Calling Callback on body com.kristianlm.robotanks.box2dbridge.jnibox2d.JNIBox2DBody@40cee530_ID<1> x:0.8370649 y:-2.9134388 angVel:-5.6342573
D/Native  ( 2562): Calling Callback on body com.kristianlm.robotanks.box2dbridge.jnibox2d.JNIBox2DBody@40cef4b0_ID<2> x:-0.020470195 y:-3.7150748 angVel:0.001465687
D/Calling nat( 2562): Updating all positions
D/Native  ( 2562): Calling Callback on body com.kristianlm.robotanks.box2dbridge.jnibox2d.JNIBox2DBody@40cee530_ID<1> x:0.8840965 y:-2.971565 angVel:-5.6342573
D/Native  ( 2562): Calling Callback on body com.kristianlm.robotanks.box2dbridge.jnibox2d.JNIBox2DBody@40cef4b0_ID<2> x:-0.020464199 y:-3.7138448 angVel:-9.559926E-4
D/Calling nat( 2562): Updating all positions
D/Native  ( 2562): Calling Callback on body com.kristianlm.robotanks.box2dbridge.jnibox2d.JNIBox2DBody@40cee530_ID<1> x:0.9311281 y:-3.0359411 angVel:-5.6342573
D/Native  ( 2562): Calling Callback on body com.kristianlm.robotanks.box2dbridge.jnibox2d.JNIBox2DBody@40cef4b0_ID<2> x:-0.020456249 y:-3.712764 angVel:-0.0012694403
D/Calling nat( 2562): Updating all positions
D/Native  ( 2562): Calling Callback on body com.kristianlm.robotanks.box2dbridge.jnibox2d.JNIBox2DBody@40cee530_ID<1> x:0.9756166 y:-3.0637245 angVel:-1.7498717
D/Native  ( 2562): Calling Callback on body com.kristianlm.robotanks.box2dbridge.jnibox2d.JNIBox2DBody@40cef4b0_ID<2> x:-0.020452535 y:-3.7118144 angVel:-5.936975E-4
D/Calling nat( 2562): Updating all positions
D/Native  ( 2562): Calling Callback on body com.kristianlm.robotanks.box2dbridge.jnibox2d.JNIBox2DBody@40cee530_ID<1> x:1.0132424 y:-3.0471742 angVel:-1.4092503
D/Native  ( 2562): Calling Callback on body com.kristianlm.robotanks.box2dbridge.jnibox2d.JNIBox2DBody@40cef4b0_ID<2> x:-0.02045273 y:-3.7109804 angVel:3.121287E-5
D/Calling nat( 2562): Updating all positions
D/Native  ( 2562): Calling Callback on body com.kristianlm.robotanks.box2dbridge.jnibox2d.JNIBox2DBody@40cee530_ID<1> x:1.0496588 y:-3.0311615 angVel:-1.212159
D/Native  ( 2562): Calling Callback on body com.kristianlm.robotanks.box2dbridge.jnibox2d.JNIBox2DBody@40cef4b0_ID<2> x:-0.020452727 y:-3.7102478 angVel:2.5931506E-6
D/Calling nat( 2562): Updating all positions
D/Native  ( 2562): Calling Callback on body com.kristianlm.robotanks.box2dbridge.jnibox2d.JNIBox2DBody@40cee530_ID<1> x:1.0853004 y:-3.017776 angVel:-1.0988616
D/Native  ( 2562): Calling Callback on body com.kristianlm.robotanks.box2dbridge.jnibox2d.JNIBox2DBody@40cef4b0_ID<2> x:-0.020452732 y:-3.7096045 angVel:8.965872E-7
D/Calling nat( 2562): Updating all positions
D/Native  ( 2562): Calling Callback on body com.kristianlm.robotanks.box2dbridge.jnibox2d.JNIBox2DBody@40cee530_ID<1> x:1.1201516 y:-3.0068288 angVel:-0.9954346
D/Native  ( 2562): Calling Callback on body com.kristianlm.robotanks.box2dbridge.jnibox2d.JNIBox2DBody@40cef4b0_ID<2> x:-0.02045273 y:-3.70904 angVel:-2.575363E-7
D/Calling nat( 2562): Updating all positions
D/Native  ( 2562): Calling Callback on body com.kristianlm.robotanks.box2dbridge.jnibox2d.JNIBox2DBody@40cee530_ID<1> x:1.1540979 y:-2.9977064 angVel:-0.88980436
D/Native  ( 2562): Calling Callback on body com.kristianlm.robotanks.box2dbridge.jnibox2d.JNIBox2DBody@40cef4b0_ID<2> x:-0.020452727 y:-3.7085445 angVel:-5.518181E-7
D/Calling nat( 2562): Updating all positions
D/Native  ( 2562): Calling Callback on body com.kristianlm.robotanks.box2dbridge.jnibox2d.JNIBox2DBody@40cee530_ID<1> x:1.1870679 y:-2.9900384 angVel:-0.7882706
D/Native  ( 2562): Calling Callback on body com.kristianlm.robotanks.box2dbridge.jnibox2d.JNIBox2DBody@40cef4b0_ID<2> x:-0.020452725 y:-3.7081096 angVel:-3.1729394E-7
D/Calling nat( 2562): Updating all positions
D/Native  ( 2562): Calling Callback on body com.kristianlm.robotanks.box2dbridge.jnibox2d.JNIBox2DBody@40cee530_ID<1> x:1.2190226 y:-2.9836166 angVel:-0.6941968
D/Native  ( 2562): Calling Callback on body com.kristianlm.robotanks.box2dbridge.jnibox2d.JNIBox2DBody@40cef4b0_ID<2> x:-0.020452725 y:-3.707728 angVel:-5.3393695E-8
D/Calling nat( 2562): Updating all positions
D/Native  ( 2562): Calling Callback on body com.kristianlm.robotanks.box2dbridge.jnibox2d.JNIBox2DBody@40cee530_ID<1> x:1.2499306 y:-2.9782686 angVel:-0.60771734
D/Native  ( 2562): Calling Callback on body com.kristianlm.robotanks.box2dbridge.jnibox2d.JNIBox2DBody@40cef4b0_ID<2> x:-0.020452725 y:-3.7073932 angVel:1.3113782E-7
D/Calling nat( 2562): Updating all positions
D/Native  ( 2562): Calling Callback on body com.kristianlm.robotanks.box2dbridge.jnibox2d.JNIBox2DBody@40cee530_ID<1> x:1.2797621 y:-2.9738326 angVel:-0.52828664
D/Native  ( 2562): Calling Callback on body com.kristianlm.robotanks.box2dbridge.jnibox2d.JNIBox2DBody@40cef4b0_ID<2> x:-0.020452725 y:-3.7070992 angVel:9.599879E-8
D/Calling nat( 2562): Updating all positions
D/Native  ( 2562): Calling Callback on body com.kristianlm.robotanks.box2dbridge.jnibox2d.JNIBox2DBody@40cee530_ID<1> x:1.3084909 y:-2.9701674 angVel:-0.4554139
D/Native  ( 2562): Calling Callback on body com.kristianlm.robotanks.box2dbridge.jnibox2d.JNIBox2DBody@40cef4b0_ID<2> x:-0.020452725 y:-3.7068415 angVel:-6.984121E-9
D/Calling nat( 2562): Updating all positions
D/Native  ( 2562): Calling Callback on body com.kristianlm.robotanks.box2dbridge.jnibox2d.JNIBox2DBody@40cee530_ID<1> x:1.3360951 y:-2.9671557 angVel:-0.38858858
D/Native  ( 2562): Calling Callback on body com.kristianlm.robotanks.box2dbridge.jnibox2d.JNIBox2DBody@40cef4b0_ID<2> x:-0.020452725 y:-3.7066154 angVel:-4.8688655E-8
D/Calling nat( 2562): Updating all positions
D/Native  ( 2562): Calling Callback on body com.kristianlm.robotanks.box2dbridge.jnibox2d.JNIBox2DBody@40cee530_ID<1> x:1.3625568 y:-2.9647024 angVel:-0.3272102
D/Native  ( 2562): Calling Callback on body com.kristianlm.robotanks.box2dbridge.jnibox2d.JNIBox2DBody@40cef4b0_ID<2> x:-0.020452725 y:-3.706417 angVel:-4.1340396E-8
D/Calling nat( 2562): Updating all positions
D/dalvikvm( 2562): GC_CONCURRENT freed 308K, 15% free 2464K/2896K, paused 5ms+2ms, total 53ms
D/Native  ( 2562): Calling Callback on body com.kristianlm.robotanks.box2dbridge.jnibox2d.JNIBox2DBody@40cee530_ID<1> x:1.3878617 y:-2.9627302 angVel:-0.2706119
D/Native  ( 2562): Calling Callback on body com.kristianlm.robotanks.box2dbridge.jnibox2d.JNIBox2DBody@40cef4b0_ID<2> x:-0.020452725 y:-3.706243 angVel:0.0
D/Calling nat( 2562): Updating all positions
D/Native  ( 2562): Calling Callback on body com.kristianlm.robotanks.box2dbridge.jnibox2d.JNIBox2DBody@40cee530_ID<1> x:1.4119982 y:-2.9611776 angVel:-0.218094
D/Native  ( 2562): Calling Callback on body com.kristianlm.robotanks.box2dbridge.jnibox2d.JNIBox2DBody@40cef4b0_ID<2> x:-0.020452725 y:-3.706243 angVel:0.0
D/Calling nat( 2562): Updating all positions
D/Native  ( 2562): Calling Callback on body com.kristianlm.robotanks.box2dbridge.jnibox2d.JNIBox2DBody@40cee530_ID<1> x:1.434957 y:-2.9599965 angVel:-0.1689448
D/Native  ( 2562): Calling Callback on body com.kristianlm.robotanks.box2dbridge.jnibox2d.JNIBox2DBody@40cef4b0_ID<2> x:-0.020452725 y:-3.706243 angVel:0.0
D/Calling nat( 2562): Updating all positions
D/Native  ( 2562): Calling Callback on body com.kristianlm.robotanks.box2dbridge.jnibox2d.JNIBox2DBody@40cee530_ID<1> x:1.4567316 y:-2.9591503 angVel:-0.12245221
D/Native  ( 2562): Calling Callback on body com.kristianlm.robotanks.box2dbridge.jnibox2d.JNIBox2DBody@40cef4b0_ID<2> x:-0.020452725 y:-3.706243 angVel:0.0
D/Calling nat( 2562): Updating all positions
D/Native  ( 2562): Calling Callback on body com.kristianlm.robotanks.box2dbridge.jnibox2d.JNIBox2DBody@40cee530_ID<1> x:1.4773167 y:-2.958613 angVel:-0.077907905
D/Native  ( 2562): Calling Callback on body com.kristianlm.robotanks.box2dbridge.jnibox2d.JNIBox2DBody@40cef4b0_ID<2> x:-0.020452725 y:-3.706243 angVel:0.0
D/Calling nat( 2562): Updating all positions
D/Native  ( 2562): Calling Callback on body com.kristianlm.robotanks.box2dbridge.jnibox2d.JNIBox2DBody@40cee530_ID<1> x:1.4967095 y:-2.9583676 angVel:-0.034609724
D/Native  ( 2562): Calling Callback on body com.kristianlm.robotanks.box2dbridge.jnibox2d.JNIBox2DBody@40cef4b0_ID<2> x:-0.020452725 y:-3.706243 angVel:0.0
D/Calling nat( 2562): Updating all positions
D/Native  ( 2562): Calling Callback on body com.kristianlm.robotanks.box2dbridge.jnibox2d.JNIBox2DBody@40cee530_ID<1> x:1.5149083 y:-2.9584064 angVel:0.008140143
D/Native  ( 2562): Calling Callback on body com.kristianlm.robotanks.box2dbridge.jnibox2d.JNIBox2DBody@40cef4b0_ID<2> x:-0.020452725 y:-3.706243 angVel:0.0
D/Calling nat( 2562): Updating all positions
D/Native  ( 2562): Calling Callback on body com.kristianlm.robotanks.box2dbridge.jnibox2d.JNIBox2DBody@40cee530_ID<1> x:1.5319133 y:-2.9587295 angVel:0.05103848
D/Native  ( 2562): Calling Callback on body com.kristianlm.robotanks.box2dbridge.jnibox2d.JNIBox2DBody@40cef4b0_ID<2> x:-0.020452725 y:-3.706243 angVel:0.0
D/Calling nat( 2562): Updating all positions
D/Native  ( 2562): Calling Callback on body com.kristianlm.robotanks.box2dbridge.jnibox2d.JNIBox2DBody@40cee530_ID<1> x:1.5477262 y:-2.959345 angVel:0.09478307
D/Native  ( 2562): Calling Callback on body com.kristianlm.robotanks.box2dbridge.jnibox2d.JNIBox2DBody@40cef4b0_ID<2> x:-0.020452725 y:-3.706243 angVel:0.0
D/Calling nat( 2562): Updating all positions
D/Native  ( 2562): Calling Callback on body com.kristianlm.robotanks.box2dbridge.jnibox2d.JNIBox2DBody@40cee530_ID<1> x:1.5623503 y:-2.9602704 angVel:0.14007787
D/Native  ( 2562): Calling Callback on body com.kristianlm.robotanks.box2dbridge.jnibox2d.JNIBox2DBody@40cef4b0_ID<2> x:-0.020452725 y:-3.706243 angVel:0.0
D/Calling nat( 2562): Updating all positions
D/Native  ( 2562): Calling Callback on body com.kristianlm.robotanks.box2dbridge.jnibox2d.JNIBox2DBody@40cee530_ID<1> x:1.5757908 y:-2.9615312 angVel:0.18763477
D/Native  ( 2562): Calling Callback on body com.kristianlm.robotanks.box2dbridge.jnibox2d.JNIBox2DBody@40cef4b0_ID<2> x:-0.020452725 y:-3.706243 angVel:0.0
D/Calling nat( 2562): Updating all positions
D/Native  ( 2562): Calling Callback on body com.kristianlm.robotanks.box2dbridge.jnibox2d.JNIBox2DBody@40cee530_ID<1> x:1.5880548 y:-2.9631617 angVel:0.2381755
D/Native  ( 2562): Calling Callback on body com.kristianlm.robotanks.box2dbridge.jnibox2d.JNIBox2DBody@40cef4b0_ID<2> x:-0.020452725 y:-3.706243 angVel:0.0
D/Calling nat( 2562): Updating all positions
D/Native  ( 2562): Calling Callback on body com.kristianlm.robotanks.box2dbridge.jnibox2d.JNIBox2DBody@40cee530_ID<1> x:1.5991516 y:-2.9652064 angVel:0.2924299
D/Native  ( 2562): Calling Callback on body com.kristianlm.robotanks.box2dbridge.jnibox2d.JNIBox2DBody@40cef4b0_ID<2> x:-0.020452725 y:-3.706243 angVel:0.0
D/Calling nat( 2562): Updating all positions
D/Native  ( 2562): Calling Callback on body com.kristianlm.robotanks.box2dbridge.jnibox2d.JNIBox2DBody@40cee530_ID<1> x:1.6090931 y:-2.9677243 angVel:0.35113084
D/Native  ( 2562): Calling Callback on body com.kristianlm.robotanks.box2dbridge.jnibox2d.JNIBox2DBody@40cef4b0_ID<2> x:-0.020452725 y:-3.706243 angVel:0.0
D/Calling nat( 2562): Updating all positions
D/Native  ( 2562): Calling Callback on body com.kristianlm.robotanks.box2dbridge.jnibox2d.JNIBox2DBody@40cee530_ID<1> x:1.6178939 y:-2.9707894 angVel:0.41500098
D/Native  ( 2562): Calling Callback on body com.kristianlm.robotanks.box2dbridge.jnibox2d.JNIBox2DBody@40cef4b0_ID<2> x:-0.020452725 y:-3.706243 angVel:0.0
D/Calling nat( 2562): Updating all positions
D/Native  ( 2562): Calling Callback on body com.kristianlm.robotanks.box2dbridge.jnibox2d.JNIBox2DBody@40cee530_ID<1> x:1.6255723 y:-2.9744923 angVel:0.48473442
D/Native  ( 2562): Calling Callback on body com.kristianlm.robotanks.box2dbridge.jnibox2d.JNIBox2DBody@40cef4b0_ID<2> x:-0.020452725 y:-3.706243 angVel:0.0
D/Calling nat( 2562): Updating all positions
D/Native  ( 2562): Calling Callback on body com.kristianlm.robotanks.box2dbridge.jnibox2d.JNIBox2DBody@40cee530_ID<1> x:1.6321503 y:-2.9789429 angVel:0.5609687
D/Native  ( 2562): Calling Callback on body com.kristianlm.robotanks.box2dbridge.jnibox2d.JNIBox2DBody@40cef4b0_ID<2> x:-0.020452725 y:-3.706243 angVel:0.0
D/Calling nat( 2562): Updating all positions
D/Native  ( 2562): Calling Callback on body com.kristianlm.robotanks.box2dbridge.jnibox2d.JNIBox2DBody@40cee530_ID<1> x:1.6376542 y:-2.9842732 angVel:0.6442471
D/Native  ( 2562): Calling Callback on body com.kristianlm.robotanks.box2dbridge.jnibox2d.JNIBox2DBody@40cef4b0_ID<2> x:-0.020452725 y:-3.706243 angVel:0.0
D/Calling nat( 2562): Updating all positions
D/Native  ( 2562): Calling Callback on body com.kristianlm.robotanks.box2dbridge.jnibox2d.JNIBox2DBody@40cee530_ID<1> x:1.6421154 y:-2.9906397 angVel:0.734971
D/Native  ( 2562): Calling Callback on body com.kristianlm.robotanks.box2dbridge.jnibox2d.JNIBox2DBody@40cef4b0_ID<2> x:-0.020452725 y:-3.706243 angVel:0.0
D/Calling nat( 2562): Updating all positions
D/Native  ( 2562): Calling Callback on body com.kristianlm.robotanks.box2dbridge.jnibox2d.JNIBox2DBody@40cee530_ID<1> x:1.6455704 y:-2.9982257 angVel:0.8333438
D/Native  ( 2562): Calling Callback on body com.kristianlm.robotanks.box2dbridge.jnibox2d.JNIBox2DBody@40cef4b0_ID<2> x:-0.020452725 y:-3.706243 angVel:0.0
D/Calling nat( 2562): Updating all positions
D/Native  ( 2562): Calling Callback on body com.kristianlm.robotanks.box2dbridge.jnibox2d.JNIBox2DBody@40cee530_ID<1> x:1.6480618 y:-3.0072432 angVel:0.9393123
D/Native  ( 2562): Calling Callback on body com.kristianlm.robotanks.box2dbridge.jnibox2d.JNIBox2DBody@40cef4b0_ID<2> x:-0.020452725 y:-3.706243 angVel:0.0
D/Calling nat( 2562): Updating all positions
D/Native  ( 2562): Calling Callback on body com.kristianlm.robotanks.box2dbridge.jnibox2d.JNIBox2DBody@40cee530_ID<1> x:1.6496373 y:-3.017932 angVel:1.0525136
D/Native  ( 2562): Calling Callback on body com.kristianlm.robotanks.box2dbridge.jnibox2d.JNIBox2DBody@40cef4b0_ID<2> x:-0.020452725 y:-3.706243 angVel:0.0
D/Calling nat( 2562): Updating all positions
D/Native  ( 2562): Calling Callback on body com.kristianlm.robotanks.box2dbridge.jnibox2d.JNIBox2DBody@40cee530_ID<1> x:1.6503507 y:-3.0305595 angVel:1.1722404
D/Native  ( 2562): Calling Callback on body com.kristianlm.robotanks.box2dbridge.jnibox2d.JNIBox2DBody@40cef4b0_ID<2> x:-0.020452725 y:-3.706243 angVel:0.0
D/Calling nat( 2562): Updating all positions
D/Native  ( 2562): Calling Callback on body com.kristianlm.robotanks.box2dbridge.jnibox2d.JNIBox2DBody@40cee530_ID<1> x:1.65026 y:-3.0454168 angVel:1.2974392
D/Native  ( 2562): Calling Callback on body com.kristianlm.robotanks.box2dbridge.jnibox2d.JNIBox2DBody@40cef4b0_ID<2> x:-0.020452725 y:-3.706243 angVel:0.0
D/Calling nat( 2562): Updating all positions
D/Native  ( 2562): Calling Callback on body com.kristianlm.robotanks.box2dbridge.jnibox2d.JNIBox2DBody@40cee530_ID<1> x:1.6494269 y:-3.0628123 angVel:1.4267547
D/Native  ( 2562): Calling Callback on body com.kristianlm.robotanks.box2dbridge.jnibox2d.JNIBox2DBody@40cef4b0_ID<2> x:-0.020452725 y:-3.706243 angVel:0.0
D/Calling nat( 2562): Updating all positions
D/Native  ( 2562): Calling Callback on body com.kristianlm.robotanks.box2dbridge.jnibox2d.JNIBox2DBody@40cee530_ID<1> x:1.6479154 y:-3.083065 angVel:1.5586244
D/Native  ( 2562): Calling Callback on body com.kristianlm.robotanks.box2dbridge.jnibox2d.JNIBox2DBody@40cef4b0_ID<2> x:-0.020452725 y:-3.706243 angVel:0.0
D/Calling nat( 2562): Updating all positions
D/Native  ( 2562): Calling Callback on body com.kristianlm.robotanks.box2dbridge.jnibox2d.JNIBox2DBody@40cee530_ID<1> x:1.6458879 y:-3.106988 angVel:1.6700878
D/Native  ( 2562): Calling Callback on body com.kristianlm.robotanks.box2dbridge.jnibox2d.JNIBox2DBody@40cef4b0_ID<2> x:-0.020452725 y:-3.706243 angVel:0.0
D/Calling nat( 2562): Updating all positions
D/Native  ( 2562): Calling Callback on body com.kristianlm.robotanks.box2dbridge.jnibox2d.JNIBox2DBody@40cee530_ID<1> x:1.6432381 y:-3.1340497 angVel:1.8187547
D/Native  ( 2562): Calling Callback on body com.kristianlm.robotanks.box2dbridge.jnibox2d.JNIBox2DBody@40cef4b0_ID<2> x:-0.020452725 y:-3.706243 angVel:0.0
D/Calling nat( 2562): Updating all positions
D/Native  ( 2562): Calling Callback on body com.kristianlm.robotanks.box2dbridge.jnibox2d.JNIBox2DBody@40cee530_ID<1> x:1.640061 y:-3.1647253 angVel:1.9576031
D/Native  ( 2562): Calling Callback on body com.kristianlm.robotanks.box2dbridge.jnibox2d.JNIBox2DBody@40cef4b0_ID<2> x:-0.020452725 y:-3.706243 angVel:0.0
D/Calling nat( 2562): Updating all positions
D/Native  ( 2562): Calling Callback on body com.kristianlm.robotanks.box2dbridge.jnibox2d.JNIBox2DBody@40cee530_ID<1> x:1.636884 y:-3.2016509 angVel:1.9576031
D/Native  ( 2562): Calling Callback on body com.kristianlm.robotanks.box2dbridge.jnibox2d.JNIBox2DBody@40cef4b0_ID<2> x:-0.020452725 y:-3.706243 angVel:0.0
D/Calling nat( 2562): Updating all positions
D/Native  ( 2562): Calling Callback on body com.kristianlm.robotanks.box2dbridge.jnibox2d.JNIBox2DBody@40cee530_ID<1> x:1.6329924 y:-3.2412536 angVel:2.1820514
D/Native  ( 2562): Calling Callback on body com.kristianlm.robotanks.box2dbridge.jnibox2d.JNIBox2DBody@40cef4b0_ID<2> x:-0.020452725 y:-3.706243 angVel:0.0
D/Calling nat( 2562): Updating all positions
D/Native  ( 2562): Calling Callback on body com.kristianlm.robotanks.box2dbridge.jnibox2d.JNIBox2DBody@40cee530_ID<1> x:1.6286176 y:-3.2846904 angVel:2.346873
D/Native  ( 2562): Calling Callback on body com.kristianlm.robotanks.box2dbridge.jnibox2d.JNIBox2DBody@40cef4b0_ID<2> x:-0.020452725 y:-3.706243 angVel:0.0
D/Calling nat( 2562): Updating all positions
D/Native  ( 2562): Calling Callback on body com.kristianlm.robotanks.box2dbridge.jnibox2d.JNIBox2DBody@40cee530_ID<1> x:1.6239337 y:-3.3328311 angVel:2.4609663
D/Native  ( 2562): Calling Callback on body com.kristianlm.robotanks.box2dbridge.jnibox2d.JNIBox2DBody@40cef4b0_ID<2> x:-0.020452725 y:-3.706243 angVel:0.0
D/Calling nat( 2562): Updating all positions
D/Native  ( 2562): Calling Callback on body com.kristianlm.robotanks.box2dbridge.jnibox2d.JNIBox2DBody@40cee530_ID<1> x:1.6192497 y:-3.3872218 angVel:2.4609663
D/Native  ( 2562): Calling Callback on body com.kristianlm.robotanks.box2dbridge.jnibox2d.JNIBox2DBody@40cef4b0_ID<2> x:-0.020452725 y:-3.706243 angVel:0.0
D/Calling nat( 2562): Updating all positions
