D/Native  ( 2505): Calling Callback on body com.kristianlm.robotanks.box2dbridge.jnibox2d.JNIBox2DBody@40cee650_ID<2> x:-0.020452725 y:-3.706243 angVel:0.0
D/Calling nat( 2505): Updating all positions
D/Native  ( 2505): Calling Callback on body com.kristianlm.robotanks.box2dbridge.jnibox2d.JNIBox2DBody@40ced448_ID<1> x:1.5921285 y:-3.705178 angVel:0.0
D/Native  ( 2505): Calling Callback on body com.kristianlm.robotanks.box2dbridge.jnibox2d.JNIBox2DBody@40cee650_ID<2> x:-0.020452725 y:-3.706243 angVel:0.0
D/Calling nat( 2505): Updating all positions
D/Native  ( 2505): Calling Callback on body com.kristianlm.robotanks.box2dbridge.jnibox2d.JNIBox2DBody@40ced448_ID<1> x:1.5921285 y:-3.705178 angVel:0.0
D/Native  ( 2505): Calling Callback on body com.kristianlm.robotanks.box2dbridge.jnibox2d.JNIBox2DBody@40cee650_ID<2> x:-0.020452725 y:-3.706243 angVel:0.0
D/Calling nat( 2505): Updating all positions
D/Native  ( 2505): Calling Callback on body com.kristianlm.robotanks.box2dbridge.jnibox2d.JNIBox2DBody@40ced448_ID<1> x:1.5921285 y:-3.705178 angVel:0.0
D/Native  ( 2505): Calling Callback on body com.kristianlm.robotanks.box2dbridge.jnibox2d.JNIBox2DBody@40cee650_ID<2> x:-0.020452725 y:-3.706243 angVel:0.0
D/Calling nat( 2505): Updating all positions
D/Native  ( 2505): Calling Callback on body com.kristianlm.robotanks.box2dbridge.jnibox2d.JNIBox2DBody@40ced448_ID<1> x:1.5921285 y:-3.705178 angVel:0.0
D/Native  ( 2505): Calling Callback on body com.kristianlm.robotanks.box2dbridge.jnibox2d.JNIBox2DBody@40cee650_ID<2> x:-0.020452725 y:-3.706243 angVel:0.0
D/Calling nat( 2505): Updating all positions
D/Native  ( 2505): Calling Callback on body com.kristianlm.robotanks.box2dbridge.jnibox2d.JNIBox2DBody@40ced448_ID<1> x:1.5921285 y:-3.705178 angVel:0.0
D/Native  ( 2505): Calling Callback on body com.kristianlm.robotanks.box2dbridge.jnibox2d.JNIBox2DBody@40cee650_ID<2> x:-0.020452725 y:-3.706243 angVel:0.0
D/Calling nat( 2505): Updating all positions
D/Native  ( 2505): Calling Callback on body com.kristianlm.robotanks.box2dbridge.jnibox2d.JNIBox2DBody@40ced448_ID<1> x:1.5921285 y:-3.705178 angVel:0.0
D/Native  ( 2505): Calling Callback on body com.kristianlm.robotanks.box2dbridge.jnibox2d.JNIBox2DBody@40cee650_ID<2> x:-0.020452725 y:-3.706243 angVel:0.0
D/Calling nat( 2505): Updating all positions
D/Native  ( 2505): Calling Callback on body com.kristianlm.robotanks.box2dbridge.jnibox2d.JNIBox2DBody@40ced448_ID<1> x:1.5921285 y:-3.705178 angVel:0.0
D/Native  ( 2505): Calling Callback on body com.kristianlm.robotanks.box2dbridge.jnibox2d.JNIBox2DBody@40cee650_ID<2> x:-0.020452725 y:-3.706243 angVel:0.0
D/Calling nat( 2505): Updating all positions
D/Native  ( 2505): Calling Callback on body com.kristianlm.robotanks.box2dbridge.jnibox2d.JNIBox2DBody@40ced448_ID<1> x:1.5921285 y:-3.705178 angVel:0.0
D/Native  ( 2505): Calling Callback on body com.kristianlm.robotanks.box2dbridge.jnibox2d.JNIBox2DBody@40cee650_ID<2> x:-0.020452725 y:-3.706243 angVel:0.0
D/Calling nat( 2505): Updating all positions
D/Native  ( 2505): Calling Callback on body com.kristianlm.robotanks.box2dbridge.jnibox2d.JNIBox2DBody@40ced448_ID<1> x:1.5921285 y:-3.705178 angVel:0.0
D/Native  ( 2505): Calling Callback on body com.kristianlm.robotanks.box2dbridge.jnibox2d.JNIBox2DBody@40cee650_ID<2> x:-0.020452725 y:-3.706243 angVel:0.0
D/Calling nat( 2505): Updating all positions
D/Native  ( 2505): Calling Callback on body com.kristianlm.robotanks.box2dbridge.jnibox2d.JNIBox2DBody@40ced448_ID<1> x:1.5921285 y:-3.705178 angVel:0.0
D/Native  ( 2505): Calling Callback on body com.kristianlm.robotanks.box2dbridge.jnibox2d.JNIBox2DBody@40cee650_ID<2> x:-0.020452725 y:-3.706243 angVel:0.0
D/Calling nat( 2505): Updating all positions
D/Native  ( 2505): Calling Callback on body com.kristianlm.robotanks.box2dbridge.jnibox2d.JNIBox2DBody@40ced448_ID<1> x:1.5921285 y:-3.705178 angVel:0.0
D/Native  ( 2505): Calling Callback on body com.kristianlm.robotanks.box2dbridge.jnibox2d.JNIBox2DBody@40cee650_ID<2> x:-0.020452725 y:-3.706243 angVel:0.0
D/Calling nat( 2505): Updating all positions
D/Native  ( 2505): Calling Callback on body com.kristianlm.robotanks.box2dbridge.jnibox2d.JNIBox2DBody@40ced448_ID<1> x:1.5921285 y:-3.705178 angVel:0.0
D/Native  ( 2505): Calling Callback on body com.kristianlm.robotanks.box2dbridge.jnibox2d.JNIBox2DBody@40cee650_ID<2> x:-0.020452725 y:-3.706243 angVel:0.0
D/Calling nat( 2505): Updating all positions
D/Native  ( 2505): Calling Callback on body com.kristianlm.robotanks.box2dbridge.jnibox2d.JNIBox2DBody@40ced448_ID<1> x:1.5921285 y:-3.705178 angVel:0.0
D/Native  ( 2505): Calling Callback on body com.kristianlm.robotanks.box2dbridge.jnibox2d.JNIBox2DBody@40cee650_ID<2> x:-0.020452725 y:-3.706243 angVel:0.0
D/Calling nat( 2505): Updating all positions
D/Native  ( 2505): Calling Callback on body com.kristianlm.robotanks.box2dbridge.jnibox2d.JNIBox2DBody@40ced448_ID<1> x:1.5921285 y:-3.705178 angVel:0.0
D/Native  ( 2505): Calling Callback on body com.kristianlm.robotanks.box2dbridge.jnibox2d.JNIBox2DBody@40cee650_ID<2> x:-0.020452725 y:-3.706243 angVel:0.0
D/Calling nat( 2505): Updating all positions
D/Native  ( 2505): Calling Callback on body com.kristianlm.robotanks.box2dbridge.jnibox2d.JNIBox2DBody@40ced448_ID<1> x:1.5921285 y:-3.705178 angVel:0.0
D/Native  ( 2505): Calling Callback on body com.kristianlm.robotanks.box2dbridge.jnibox2d.JNIBox2DBody@40cee650_ID<2> x:-0.020452725 y:-3.706243 angVel:0.0
D/Calling nat( 2505): Updating all positions
D/Native  ( 2505): Calling Callback on body com.kristianlm.robotanks.box2dbridge.jnibox2d.JNIBox2DBody@40ced448_ID<1> x:1.5921285 y:-3.705178 angVel:0.0
D/Native  ( 2505): Calling Callback on body com.kristianlm.robotanks.box2dbridge.jnibox2d.JNIBox2DBody@40cee650_ID<2> x:-0.020452725 y:-3.706243 angVel:0.0
D/Calling nat( 2505): Updating all positions
D/Native  ( 2505): Calling Callback on body com.kristianlm.robotanks.box2dbridge.jnibox2d.JNIBox2DBody@40ced448_ID<1> x:1.5921285 y:-3.705178 angVel:0.0
D/Native  ( 2505): Calling Callback on body com.kristianlm.robotanks.box2dbridge.jnibox2d.JNIBox2DBody@40cee650_ID<2> x:-0.020452725 y:-3.706243 angVel:0.0
D/Calling nat( 2505): Updating all positions
D/Native  ( 2505): Calling Callback on body com.kristianlm.robotanks.box2dbridge.jnibox2d.JNIBox2DBody@40ced448_ID<1> x:1.5921285 y:-3.705178 angVel:0.0
D/Native  ( 2505): Calling Callback on body com.kristianlm.robotanks.box2dbridge.jnibox2d.JNIBox2DBody@40cee650_ID<2> x:-0.020452725 y:-3.706243 angVel:0.0
D/Calling nat( 2505): Updating all positions
D/Native  ( 2505): Calling Callback on body com.kristianlm.robotanks.box2dbridge.jnibox2d.JNIBox2DBody@40ced448_ID<1> x:1.5921285 y:-3.705178 angVel:0.0
D/Native  ( 2505): Calling Callback on body com.kristianlm.robotanks.box2dbridge.jnibox2d.JNIBox2DBody@40cee650_ID<2> x:-0.020452725 y:-3.706243 angVel:0.0
D/Calling nat( 2505): Updating all positions
D/Native  ( 2505): Calling Callback on body com.kristianlm.robotanks.box2dbridge.jnibox2d.JNIBox2DBody@40ced448_ID<1> x:1.5921285 y:-3.705178 angVel:0.0
D/Native  ( 2505): Calling Callback on body com.kristianlm.robotanks.box2dbridge.jnibox2d.JNIBox2DBody@40cee650_ID<2> x:-0.020452725 y:-3.706243 angVel:0.0
D/Calling nat( 2505): Updating all positions
D/Native  ( 2505): Calling Callback on body com.kristianlm.robotanks.box2dbridge.jnibox2d.JNIBox2DBody@40ced448_ID<1> x:1.5921285 y:-3.705178 angVel:0.0
D/Native  ( 2505): Calling Callback on body com.kristianlm.robotanks.box2dbridge.jnibox2d.JNIBox2DBody@40cee650_ID<2> x:-0.020452725 y:-3.706243 angVel:0.0
D/Calling nat( 2505): Updating all positions
D/Native  ( 2505): Calling Callback on body com.kristianlm.robotanks.box2dbridge.jnibox2d.JNIBox2DBody@40ced448_ID<1> x:1.5921285 y:-3.705178 angVel:0.0
D/Native  ( 2505): Calling Callback on body com.kristianlm.robotanks.box2dbridge.jnibox2d.JNIBox2DBody@40cee650_ID<2> x:-0.020452725 y:-3.706243 angVel:0.0
D/Calling nat( 2505): Updating all positions
D/Native  ( 2505): Calling Callback on body com.kristianlm.robotanks.box2dbridge.jnibox2d.JNIBox2DBody@40ced448_ID<1> x:1.5921285 y:-3.705178 angVel:0.0
D/Native  ( 2505): Calling Callback on body com.kristianlm.robotanks.box2dbridge.jnibox2d.JNIBox2DBody@40cee650_ID<2> x:-0.020452725 y:-3.706243 angVel:0.0
D/Calling nat( 2505): Updating all positions
D/Native  ( 2505): Calling Callback on body com.kristianlm.robotanks.box2dbridge.jnibox2d.JNIBox2DBody@40ced448_ID<1> x:1.5921285 y:-3.705178 angVel:0.0
D/Native  ( 2505): Calling Callback on body com.kristianlm.robotanks.box2dbridge.jnibox2d.JNIBox2DBody@40cee650_ID<2> x:-0.020452725 y:-3.706243 angVel:0.0
D/Calling nat( 2505): Updating all positions
D/Native  ( 2505): Calling Callback on body com.kristianlm.robotanks.box2dbridge.jnibox2d.JNIBox2DBody@40ced448_ID<1> x:1.5921285 y:-3.705178 angVel:0.0
D/Native  ( 2505): Calling Callback on body com.kristianlm.robotanks.box2dbridge.jnibox2d.JNIBox2DBody@40cee650_ID<2> x:-0.020452725 y:-3.706243 angVel:0.0
D/Calling nat( 2505): Updating all positions
D/Native  ( 2505): Calling Callback on body com.kristianlm.robotanks.box2dbridge.jnibox2d.JNIBox2DBody@40ced448_ID<1> x:1.5921285 y:-3.705178 angVel:0.0
D/Native  ( 2505): Calling Callback on body com.kristianlm.robotanks.box2dbridge.jnibox2d.JNIBox2DBody@40cee650_ID<2> x:-0.020452725 y:-3.706243 angVel:0.0
D/Calling nat( 2505): Updating all positions
D/Native  ( 2505): Calling Callback on body com.kristianlm.robotanks.box2dbridge.jnibox2d.JNIBox2DBody@40ced448_ID<1> x:1.5921285 y:-3.705178 angVel:0.0
D/Native  ( 2505): Calling Callback on body com.kristianlm.robotanks.box2dbridge.jnibox2d.JNIBox2DBody@40cee650_ID<2> x:-0.020452725 y:-3.706243 angVel:0.0
D/Calling nat( 2505): Updating all positions
D/Native  ( 2505): Calling Callback on body com.kristianlm.robotanks.box2dbridge.jnibox2d.JNIBox2DBody@40ced448_ID<1> x:1.5921285 y:-3.705178 angVel:0.0
D/Native  ( 2505): Calling Callback on body com.kristianlm.robotanks.box2dbridge.jnibox2d.JNIBox2DBody@40cee650_ID<2> x:-0.020452725 y:-3.706243 angVel:0.0
D/Calling nat( 2505): Updating all positions
D/Native  ( 2505): Calling Callback on body com.kristianlm.robotanks.box2dbridge.jnibox2d.JNIBox2DBody@40ced448_ID<1> x:1.5921285 y:-3.705178 angVel:0.0
D/Native  ( 2505): Calling Callback on body com.kristianlm.robotanks.box2dbridge.jnibox2d.JNIBox2DBody@40cee650_ID<2> x:-0.020452725 y:-3.706243 angVel:0.0
D/dalvikvm( 2505): GC_CONCURRENT freed 391K, 18% free 2470K/2980K, paused 4ms+2ms, total 34ms
D/Calling nat( 2505): Updating all positions
D/Native  ( 2505): Calling Callback on body com.kristianlm.robotanks.box2dbridge.jnibox2d.JNIBox2DBody@40ced448_ID<1> x:1.5921285 y:-3.705178 angVel:0.0
D/Native  ( 2505): Calling Callback on body com.kristianlm.robotanks.box2dbridge.jnibox2d.JNIBox2DBody@40cee650_ID<2> x:-0.020452725 y:-3.706243 angVel:0.0
D/Calling nat( 2505): Updating all positions
D/Native  ( 2505): Calling Callback on body com.kristianlm.robotanks.box2dbridge.jnibox2d.JNIBox2DBody@40ced448_ID<1> x:1.5921285 y:-3.705178 angVel:0.0
D/Native  ( 2505): Calling Callback on body com.kristianlm.robotanks.box2dbridge.jnibox2d.JNIBox2DBody@40cee650_ID<2> x:-0.020452725 y:-3.706243 angVel:0.0
D/Calling nat( 2505): Updating all positions
D/Native  ( 2505): Calling Callback on body com.kristianlm.robotanks.box2dbridge.jnibox2d.JNIBox2DBody@40ced448_ID<1> x:1.5921285 y:-3.705178 angVel:0.0
D/Native  ( 2505): Calling Callback on body com.kristianlm.robotanks.box2dbridge.jnibox2d.JNIBox2DBody@40cee650_ID<2> x:-0.020452725 y:-3.706243 angVel:0.0
D/Calling nat( 2505): Updating all positions
D/Native  ( 2505): Calling Callback on body com.kristianlm.robotanks.box2dbridge.jnibox2d.JNIBox2DBody@40ced448_ID<1> x:1.5921285 y:-3.705178 angVel:0.0
D/Native  ( 2505): Calling Callback on body com.kristianlm.robotanks.box2dbridge.jnibox2d.JNIBox2DBody@40cee650_ID<2> x:-0.020452725 y:-3.706243 angVel:0.0
D/Calling nat( 2505): Updating all positions
D/Native  ( 2505): Calling Callback on body com.kristianlm.robotanks.box2dbridge.jnibox2d.JNIBox2DBody@40ced448_ID<1> x:1.5921285 y:-3.705178 angVel:0.0
D/Native  ( 2505): Calling Callback on body com.kristianlm.robotanks.box2dbridge.jnibox2d.JNIBox2DBody@40cee650_ID<2> x:-0.020452725 y:-3.706243 angVel:0.0
D/Calling nat( 2505): Updating all positions
D/Native  ( 2505): Calling Callback on body com.kristianlm.robotanks.box2dbridge.jnibox2d.JNIBox2DBody@40ced448_ID<1> x:1.5921285 y:-3.705178 angVel:0.0
D/Native  ( 2505): Calling Callback on body com.kristianlm.robotanks.box2dbridge.jnibox2d.JNIBox2DBody@40cee650_ID<2> x:-0.020452725 y:-3.706243 angVel:0.0
D/Calling nat( 2505): Updating all positions
D/Native  ( 2505): Calling Callback on body com.kristianlm.robotanks.box2dbridge.jnibox2d.JNIBox2DBody@40ced448_ID<1> x:1.5921285 y:-3.705178 angVel:0.0
D/Native  ( 2505): Calling Callback on body com.kristianlm.robotanks.box2dbridge.jnibox2d.JNIBox2DBody@40cee650_ID<2> x:-0.020452725 y:-3.706243 angVel:0.0
D/Calling nat( 2505): Updating all positions
D/Native  ( 2505): Calling Callback on body com.kristianlm.robotanks.box2dbridge.jnibox2d.JNIBox2DBody@40ced448_ID<1> x:1.5921285 y:-3.705178 angVel:0.0
D/Native  ( 2505): Calling Callback on body com.kristianlm.robotanks.box2dbridge.jnibox2d.JNIBox2DBody@40cee650_ID<2> x:-0.020452725 y:-3.706243 angVel:0.0
D/Calling nat( 2505): Updating all positions
D/Native  ( 2505): Calling Callback on body com.kristianlm.robotanks.box2dbridge.jnibox2d.JNIBox2DBody@40ced448_ID<1> x:1.5921285 y:-3.705178 angVel:0.0
D/Native  ( 2505): Calling Callback on body com.kristianlm.robotanks.box2dbridge.jnibox2d.JNIBox2DBody@40cee650_ID<2> x:-0.020452725 y:-3.706243 angVel:0.0
D/Calling nat( 2505): Updating all positions
D/Native  ( 2505): Calling Callback on body com.kristianlm.robotanks.box2dbridge.jnibox2d.JNIBox2DBody@40ced448_ID<1> x:1.5921285 y:-3.705178 angVel:0.0
D/Native  ( 2505): Calling Callback on body com.kristianlm.robotanks.box2dbridge.jnibox2d.JNIBox2DBody@40cee650_ID<2> x:-0.020452725 y:-3.706243 angVel:0.0
D/Calling nat( 2505): Updating all positions
D/Native  ( 2505): Calling Callback on body com.kristianlm.robotanks.box2dbridge.jnibox2d.JNIBox2DBody@40ced448_ID<1> x:1.5921285 y:-3.705178 angVel:0.0
D/Native  ( 2505): Calling Callback on body com.kristianlm.robotanks.box2dbridge.jnibox2d.JNIBox2DBody@40cee650_ID<2> x:-0.020452725 y:-3.706243 angVel:0.0
D/Calling nat( 2505): Updating all positions
D/Native  ( 2505): Calling Callback on body com.kristianlm.robotanks.box2dbridge.jnibox2d.JNIBox2DBody@40ced448_ID<1> x:1.5921285 y:-3.705178 angVel:0.0
D/Native  ( 2505): Calling Callback on body com.kristianlm.robotanks.box2dbridge.jnibox2d.JNIBox2DBody@40cee650_ID<2> x:-0.020452725 y:-3.706243 angVel:0.0
D/Calling nat( 2505): Updating all positions
D/Native  ( 2505): Calling Callback on body com.kristianlm.robotanks.box2dbridge.jnibox2d.JNIBox2DBody@40ced448_ID<1> x:1.5921285 y:-3.705178 angVel:0.0
D/Native  ( 2505): Calling Callback on body com.kristianlm.robotanks.box2dbridge.jnibox2d.JNIBox2DBody@40cee650_ID<2> x:-0.020452725 y:-3.706243 angVel:0.0
D/Calling nat( 2505): Updating all positions
D/Native  ( 2505): Calling Callback on body com.kristianlm.robotanks.box2dbridge.jnibox2d.JNIBox2DBody@40ced448_ID<1> x:1.5921285 y:-3.705178 angVel:0.0
D/Native  ( 2505): Calling Callback on body com.kristianlm.robotanks.box2dbridge.jnibox2d.JNIBox2DBody@40cee650_ID<2> x:-0.020452725 y:-3.706243 angVel:0.0
D/Calling nat( 2505): Updating all positions
D/Native  ( 2505): Calling Callback on body com.kristianlm.robotanks.box2dbridge.jnibox2d.JNIBox2DBody@40ced448_ID<1> x:1.5921285 y:-3.705178 angVel:0.0
D/Native  ( 2505): Calling Callback on body com.kristianlm.robotanks.box2dbridge.jnibox2d.JNIBox2DBody@40cee650_ID<2> x:-0.020452725 y:-3.706243 angVel:0.0
D/Calling nat( 2505): Updating all positions
D/Native  ( 2505): Calling Callback on body com.kristianlm.robotanks.box2dbridge.jnibox2d.JNIBox2DBody@40ced448_ID<1> x:1.5921285 y:-3.705178 angVel:0.0
D/Native  ( 2505): Calling Callback on body com.kristianlm.robotanks.box2dbridge.jnibox2d.JNIBox2DBody@40cee650_ID<2> x:-0.020452725 y:-3.706243 angVel:0.0
D/Calling nat( 2505): Updating all positions
D/Native  ( 2505): Calling Callback on body com.kristianlm.robotanks.box2dbridge.jnibox2d.JNIBox2DBody@40ced448_ID<1> x:1.5921285 y:-3.705178 angVel:0.0
D/Native  ( 2505): Calling Callback on body com.kristianlm.robotanks.box2dbridge.jnibox2d.JNIBox2DBody@40cee650_ID<2> x:-0.020452725 y:-3.706243 angVel:0.0
D/Calling nat( 2505): Updating all positions
D/Native  ( 2505): Calling Callback on body com.kristianlm.robotanks.box2dbridge.jnibox2d.JNIBox2DBody@40ced448_ID<1> x:1.5921285 y:-3.705178 angVel:0.0
D/Native  ( 2505): Calling Callback on body com.kristianlm.robotanks.box2dbridge.jnibox2d.JNIBox2DBody@40cee650_ID<2> x:-0.020452725 y:-3.706243 angVel:0.0
D/Calling nat( 2505): Updating all positions
D/Native  ( 2505): Calling Callback on body com.kristianlm.robotanks.box2dbridge.jnibox2d.JNIBox2DBody@40ced448_ID<1> x:1.5921285 y:-3.705178 angVel:0.0
D/Native  ( 2505): Calling Callback on body com.kristianlm.robotanks.box2dbridge.jnibox2d.JNIBox2DBody@40cee650_ID<2> x:-0.020452725 y:-3.706243 angVel:0.0
D/Calling nat( 2505): Updating all positions
D/Native  ( 2505): Calling Callback on body com.kristianlm.robotanks.box2dbridge.jnibox2d.JNIBox2DBody@40ced448_ID<1> x:1.5921285 y:-3.705178 angVel:0.0
D/Native  ( 2505): Calling Callback on body com.kristianlm.robotanks.box2dbridge.jnibox2d.JNIBox2DBody@40cee650_ID<2> x:-0.020452725 y:-3.706243 angVel:0.0
D/Calling nat( 2505): Updating all positions
D/Native  ( 2505): Calling Callback on body com.kristianlm.robotanks.box2dbridge.jnibox2d.JNIBox2DBody@40ced448_ID<1> x:1.5921285 y:-3.705178 angVel:0.0
D/Native  ( 2505): Calling Callback on body com.kristianlm.robotanks.box2dbridge.jnibox2d.JNIBox2DBody@40cee650_ID<2> x:-0.020452725 y:-3.706243 angVel:0.0
D/Calling nat( 2505): Updating all positions
D/Native  ( 2505): Calling Callback on body com.kristianlm.robotanks.box2dbridge.jnibox2d.JNIBox2DBody@40ced448_ID<1> x:1.5921285 y:-3.705178 angVel:0.0
D/Native  ( 2505): Calling Callback on body com.kristianlm.robotanks.box2dbridge.jnibox2d.JNIBox2DBody@40cee650_ID<2> x:-0.020452725 y:-3.706243 angVel:0.0
D/Calling nat( 2505): Updating all positions
D/Native  ( 2505): Calling Callback on body com.kristianlm.robotanks.box2dbridge.jnibox2d.JNIBox2DBody@40ced448_ID<1> x:1.5921285 y:-3.705178 angVel:0.0
D/Native  ( 2505): Calling Callback on body com.kristianlm.robotanks.box2dbridge.jnibox2d.JNIBox2DBody@40cee650_ID<2> x:-0.020452725 y:-3.706243 angVel:0.0
D/Calling nat( 2505): Updating all positions
D/Native  ( 2505): Calling Callback on body com.kristianlm.robotanks.box2dbridge.jnibox2d.JNIBox2DBody@40ced448_ID<1> x:1.5921285 y:-3.705178 angVel:0.0
D/Native  ( 2505): Calling Callback on body com.kristianlm.robotanks.box2dbridge.jnibox2d.JNIBox2DBody@40cee650_ID<2> x:-0.020452725 y:-3.706243 angVel:0.0
D/Calling nat( 2505): Updating all positions
D/Native  ( 2505): Calling Callback on body com.kristianlm.robotanks.box2dbridge.jnibox2d.JNIBox2DBody@40ced448_ID<1> x:1.5921285 y:-3.705178 angVel:0.0
D/Native  ( 2505): Calling Callback on body com.kristianlm.robotanks.box2dbridge.jnibox2d.JNIBox2DBody@40cee650_ID<2> x:-0.020452725 y:-3.706243 angVel:0.0
D/Calling nat( 2505): Updating all positions
D/Native  ( 2505): Calling Callback on body com.kristianlm.robotanks.box2dbridge.jnibox2d.JNIBox2DBody@40ced448_ID<1> x:1.5921285 y:-3.705178 angVel:0.0
D/Native  ( 2505): Calling Callback on body com.kristianlm.robotanks.box2dbridge.jnibox2d.JNIBox2DBody@40cee650_ID<2> x:-0.020452725 y:-3.706243 angVel:0.0
D/Calling nat( 2505): Updating all positions
D/Native  ( 2505): Calling Callback on body com.kristianlm.robotanks.box2dbridge.jnibox2d.JNIBox2DBody@40ced448_ID<1> x:1.5921285 y:-3.705178 angVel:0.0
D/Native  ( 2505): Calling Callback on body com.kristianlm.robotanks.box2dbridge.jnibox2d.JNIBox2DBody@40cee650_ID<2> x:-0.020452725 y:-3.706243 angVel:0.0
D/Calling nat( 2505): Updating all positions
D/Native  ( 2505): Calling Callback on body com.kristianlm.robotanks.box2dbridge.jnibox2d.JNIBox2DBody@40ced448_ID<1> x:1.5921285 y:-3.705178 angVel:0.0
D/Native  ( 2505): Calling Callback on body com.kristianlm.robotanks.box2dbridge.jnibox2d.JNIBox2DBody@40cee650_ID<2> x:-0.020452725 y:-3.706243 angVel:0.0
D/Calling nat( 2505): Updating all positions
D/Native  ( 2505): Calling Callback on body com.kristianlm.robotanks.box2dbridge.jnibox2d.JNIBox2DBody@40ced448_ID<1> x:1.5921285 y:-3.705178 angVel:0.0
D/Native  ( 2505): Calling Callback on body com.kristianlm.robotanks.box2dbridge.jnibox2d.JNIBox2DBody@40cee650_ID<2> x:-0.020452725 y:-3.706243 angVel:0.0
D/Calling nat( 2505): Updating all positions
D/Native  ( 2505): Calling Callback on body com.kristianlm.robotanks.box2dbridge.jnibox2d.JNIBox2DBody@40ced448_ID<1> x:1.5921285 y:-3.705178 angVel:0.0
D/Native  ( 2505): Calling Callback on body com.kristianlm.robotanks.box2dbridge.jnibox2d.JNIBox2DBody@40cee650_ID<2> x:-0.020452725 y:-3.706243 angVel:0.0
D/Calling nat( 2505): Updating all positions
D/Native  ( 2505): Calling Callback on body com.kristianlm.robotanks.box2dbridge.jnibox2d.JNIBox2DBody@40ced448_ID<1> x:1.5921285 y:-3.705178 angVel:0.0
D/Native  ( 2505): Calling Callback on body com.kristianlm.robotanks.box2dbridge.jnibox2d.JNIBox2DBody@40cee650_ID<2> x:-0.020452725 y:-3.706243 angVel:0.0
D/Calling nat( 2505): Updating all positions
D/Native  ( 2505): Calling Callback on body com.kristianlm.robotanks.box2dbridge.jnibox2d.JNIBox2DBody@40ced448_ID<1> x:1.5921285 y:-3.705178 angVel:0.0
D/Native  ( 2505): Calling Callback on body com.kristianlm.robotanks.box2dbridge.jnibox2d.JNIBox2DBody@40cee650_ID<2> x:-0.020452725 y:-3.706243 angVel:0.0
D/Calling nat( 2505): Updating all positions
D/Native  ( 2505): Calling Callback on body com.kristianlm.robotanks.box2dbridge.jnibox2d.JNIBox2DBody@40ced448_ID<1> x:1.5921285 y:-3.705178 angVel:0.0
D/Native  ( 2505): Calling Callback on body com.kristianlm.robotanks.box2dbridge.jnibox2d.JNIBox2DBody@40cee650_ID<2> x:-0.020452725 y:-3.706243 angVel:0.0
D/Calling nat( 2505): Updating all positions
D/Native  ( 2505): Calling Callback on body com.kristianlm.robotanks.box2dbridge.jnibox2d.JNIBox2DBody@40ced448_ID<1> x:1.5921285 y:-3.705178 angVel:0.0
D/Native  ( 2505): Calling Callback on body com.kristianlm.robotanks.box2dbridge.jnibox2d.JNIBox2DBody@40cee650_ID<2> x:-0.020452725 y:-3.706243 angVel:0.0
D/Calling nat( 2505): Updating all positions
D/Native  ( 2505): Calling Callback on body com.kristianlm.robotanks.box2dbridge.jnibox2d.JNIBox2DBody@40ced448_ID<1> x:1.5921285 y:-3.705178 angVel:0.0
D/Native  ( 2505): Calling Callback on body com.kristianlm.robotanks.box2dbridge.jnibox2d.JNIBox2DBody@40cee650_ID<2> x:-0.020452725 y:-3.706243 angVel:0.0
D/Calling nat( 2505): Updating all positions
D/Native  ( 2505): Calling Callback on body com.kristianlm.robotanks.box2dbridge.jnibox2d.JNIBox2DBody@40ced448_ID<1> x:1.5921285 y:-3.705178 angVel:0.0
D/Native  ( 2505): Calling Callback on body com.kristianlm.robotanks.box2dbridge.jnibox2d.JNIBox2DBody@40cee650_ID<2> x:-0.020452725 y:-3.706243 angVel:0.0
D/Calling nat( 2505): Updating all positions
D/Native  ( 2505): Calling Callback on body com.kristianlm.robotanks.box2dbridge.jnibox2d.JNIBox2DBody@40ced448_ID<1> x:1.5921285 y:-3.705178 angVel:0.0
D/Native  ( 2505): Calling Callback on body com.kristianlm.robotanks.box2dbridge.jnibox2d.JNIBox2DBody@40cee650_ID<2> x:-0.020452725 y:-3.706243 angVel:0.0
D/Calling nat( 2505): Updating all positions
D/Native  ( 2505): Calling Callback on body com.kristianlm.robotanks.box2dbridge.jnibox2d.JNIBox2DBody@40ced448_ID<1> x:1.5921285 y:-3.705178 angVel:0.0
D/Native  ( 2505): Calling Callback on body com.kristianlm.robotanks.box2dbridge.jnibox2d.JNIBox2DBody@40cee650_ID<2> x:-0.020452725 y:-3.706243 angVel:0.0
D/Calling nat( 2505): Updating all positions
D/Native  ( 2505): Calling Callback on body com.kristianlm.robotanks.box2dbridge.jnibox2d.JNIBox2DBody@40ced448_ID<1> x:1.5921285 y:-3.705178 angVel:0.0
D/Native  ( 2505): Calling Callback on body com.kristianlm.robotanks.box2dbridge.jnibox2d.JNIBox2DBody@40cee650_ID<2> x:-0.020452725 y:-3.706243 angVel:0.0
D/Calling nat( 2505): Updating all positions
D/Native  ( 2505): Calling Callback on body com.kristianlm.robotanks.box2dbridge.jnibox2d.JNIBox2DBody@40ced448_ID<1> x:1.5921285 y:-3.705178 angVel:0.0
D/Native  ( 2505): Calling Callback on body com.kristianlm.robotanks.box2dbridge.jnibox2d.JNIBox2DBody@40cee650_ID<2> x:-0.020452725 y:-3.706243 angVel:0.0
D/Calling nat( 2505): Updating all positions
D/Native  ( 2505): Calling Callback on body com.kristianlm.robotanks.box2dbridge.jnibox2d.JNIBox2DBody@40ced448_ID<1> x:1.5921285 y:-3.705178 angVel:0.0
D/Native  ( 2505): Calling Callback on body com.kristianlm.robotanks.box2dbridge.jnibox2d.JNIBox2DBody@40cee650_ID<2> x:-0.020452725 y:-3.706243 angVel:0.0
D/Calling nat( 2505): Updating all positions
D/Native  ( 2505): Calling Callback on body com.kristianlm.robotanks.box2dbridge.jnibox2d.JNIBox2DBody@40ced448_ID<1> x:1.5921285 y:-3.705178 angVel:0.0
D/Native  ( 2505): Calling Callback on body com.kristianlm.robotanks.box2dbridge.jnibox2d.JNIBox2DBody@40cee650_ID<2> x:-0.020452725 y:-3.706243 angVel:0.0
D/Calling nat( 2505): Updating all positions
D/Native  ( 2505): Calling Callback on body com.kristianlm.robotanks.box2dbridge.jnibox2d.JNIBox2DBody@40ced448_ID<1> x:1.5921285 y:-3.705178 angVel:0.0
D/Native  ( 2505): Calling Callback on body com.kristianlm.robotanks.box2dbridge.jnibox2d.JNIBox2DBody@40cee650_ID<2> x:-0.020452725 y:-3.706243 angVel:0.0
D/Calling nat( 2505): Updating all positions
D/Native  ( 2505): Calling Callback on body com.kristianlm.robotanks.box2dbridge.jnibox2d.JNIBox2DBody@40ced448_ID<1> x:1.5921285 y:-3.705178 angVel:0.0
D/Native  ( 2505): Calling Callback on body com.kristianlm.robotanks.box2dbridge.jnibox2d.JNIBox2DBody@40cee650_ID<2> x:-0.020452725 y:-3.706243 angVel:0.0
D/Calling nat( 2505): Updating all positions
D/Native  ( 2505): Calling Callback on body com.kristianlm.robotanks.box2dbridge.jnibox2d.JNIBox2DBody@40ced448_ID<1> x:1.5921285 y:-3.705178 angVel:0.0
D/Native  ( 2505): Calling Callback on body com.kristianlm.robotanks.box2dbridge.jnibox2d.JNIBox2DBody@40cee650_ID<2> x:-0.020452725 y:-3.706243 angVel:0.0
D/Calling nat( 2505): Updating all positions
D/Native  ( 2505): Calling Callback on body com.kristianlm.robotanks.box2dbridge.jnibox2d.JNIBox2DBody@40ced448_ID<1> x:1.5921285 y:-3.705178 angVel:0.0
D/Native  ( 2505): Calling Callback on body com.kristianlm.robotanks.box2dbridge.jnibox2d.JNIBox2DBody@40cee650_ID<2> x:-0.020452725 y:-3.706243 angVel:0.0
D/Calling nat( 2505): Updating all positions
D/Native  ( 2505): Calling Callback on body com.kristianlm.robotanks.box2dbridge.jnibox2d.JNIBox2DBody@40ced448_ID<1> x:1.5921285 y:-3.705178 angVel:0.0
D/Native  ( 2505): Calling Callback on body com.kristianlm.robotanks.box2dbridge.jnibox2d.JNIBox2DBody@40cee650_ID<2> x:-0.020452725 y:-3.706243 angVel:0.0
D/Calling nat( 2505): Updating all positions
D/Native  ( 2505): Calling Callback on body com.kristianlm.robotanks.box2dbridge.jnibox2d.JNIBox2DBody@40ced448_ID<1> x:1.5921285 y:-3.705178 angVel:0.0
D/Native  ( 2505): Calling Callback on body com.kristianlm.robotanks.box2dbridge.jnibox2d.JNIBox2DBody@40cee650_ID<2> x:-0.020452725 y:-3.706243 angVel:0.0
D/Calling nat( 2505): Updating all positions
D/Native  ( 2505): Calling Callback on body com.kristianlm.robotanks.box2dbridge.jnibox2d.JNIBox2DBody@40ced448_ID<1> x:1.5921285 y:-3.705178 angVel:0.0
D/Native  ( 2505): Calling Callback on body com.kristianlm.robotanks.box2dbridge.jnibox2d.JNIBox2DBody@40cee650_ID<2> x:-0.020452725 y:-3.706243 angVel:0.0
D/Calling nat( 2505): Updating all positions
D/Native  ( 2505): Calling Callback on body com.kristianlm.robotanks.box2dbridge.jnibox2d.JNIBox2DBody@40ced448_ID<1> x:1.5921285 y:-3.705178 angVel:0.0
D/Native  ( 2505): Calling Callback on body com.kristianlm.robotanks.box2dbridge.jnibox2d.JNIBox2DBody@40cee650_ID<2> x:-0.020452725 y:-3.706243 angVel:0.0
D/Calling nat( 2505): Updating all positions
D/Native  ( 2505): Calling Callback on body com.kristianlm.robotanks.box2dbridge.jnibox2d.JNIBox2DBody@40ced448_ID<1> x:1.5921285 y:-3.705178 angVel:0.0
D/Native  ( 2505): Calling Callback on body com.kristianlm.robotanks.box2dbridge.jnibox2d.JNIBox2DBody@40cee650_ID<2> x:-0.020452725 y:-3.706243 angVel:0.0
D/Calling nat( 2505): Updating all positions
D/Native  ( 2505): Calling Callback on body com.kristianlm.robotanks.box2dbridge.jnibox2d.JNIBox2DBody@40ced448_ID<1> x:1.5921285 y:-3.705178 angVel:0.0
D/Native  ( 2505): Calling Callback on body com.kristianlm.robotanks.box2dbridge.jnibox2d.JNIBox2DBody@40cee650_ID<2> x:-0.020452725 y:-3.706243 angVel:0.0
D/Calling nat( 2505): Updating all positions
D/Native  ( 2505): Calling Callback on body com.kristianlm.robotanks.box2dbridge.jnibox2d.JNIBox2DBody@40ced448_ID<1> x:1.5921285 y:-3.705178 angVel:0.0
D/Native  ( 2505): Calling Callback on body com.kristianlm.robotanks.box2dbridge.jnibox2d.JNIBox2DBody@40cee650_ID<2> x:-0.020452725 y:-3.706243 angVel:0.0
D/Calling nat( 2505): Updating all positions
D/Native  ( 2505): Calling Callback on body com.kristianlm.robotanks.box2dbridge.jnibox2d.JNIBox2DBody@40ced448_ID<1> x:1.5921285 y:-3.705178 angVel:0.0
D/Native  ( 2505): Calling Callback on body com.kristianlm.robotanks.box2dbridge.jnibox2d.JNIBox2DBody@40cee650_ID<2> x:-0.020452725 y:-3.706243 angVel:0.0
D/Calling nat( 2505): Updating all positions
D/Native  ( 2505): Calling Callback on body com.kristianlm.robotanks.box2dbridge.jnibox2d.JNIBox2DBody@40ced448_ID<1> x:1.5921285 y:-3.705178 angVel:0.0
D/Native  ( 2505): Calling Callback on body com.kristianlm.robotanks.box2dbridge.jnibox2d.JNIBox2DBody@40cee650_ID<2> x:-0.020452725 y:-3.706243 angVel:0.0
D/Calling nat( 2505): Updating all positions
D/Native  ( 2505): Calling Callback on body com.kristianlm.robotanks.box2dbridge.jnibox2d.JNIBox2DBody@40ced448_ID<1> x:1.5921285 y:-3.705178 angVel:0.0
D/Native  ( 2505): Calling Callback on body com.kristianlm.robotanks.box2dbridge.jnibox2d.JNIBox2DBody@40cee650_ID<2> x:-0.020452725 y:-3.706243 angVel:0.0
D/Calling nat( 2505): Updating all positions
D/Native  ( 2505): Calling Callback on body com.kristianlm.robotanks.box2dbridge.jnibox2d.JNIBox2DBody@40ced448_ID<1> x:1.5921285 y:-3.705178 angVel:0.0
D/Native  ( 2505): Calling Callback on body com.kristianlm.robotanks.box2dbridge.jnibox2d.JNIBox2DBody@40cee650_ID<2> x:-0.020452725 y:-3.706243 angVel:0.0
D/Calling nat( 2505): Updating all positions
D/Native  ( 2505): Calling Callback on body com.kristianlm.robotanks.box2dbridge.jnibox2d.JNIBox2DBody@40ced448_ID<1> x:1.5921285 y:-3.705178 angVel:0.0
D/Native  ( 2505): Calling Callback on body com.kristianlm.robotanks.box2dbridge.jnibox2d.JNIBox2DBody@40cee650_ID<2> x:-0.020452725 y:-3.706243 angVel:0.0
D/Calling nat( 2505): Updating all positions
D/Native  ( 2505): Calling Callback on body com.kristianlm.robotanks.box2dbridge.jnibox2d.JNIBox2DBody@40ced448_ID<1> x:1.5921285 y:-3.705178 angVel:0.0
D/Native  ( 2505): Calling Callback on body com.kristianlm.robotanks.box2dbridge.jnibox2d.JNIBox2DBody@40cee650_ID<2> x:-0.020452725 y:-3.706243 angVel:0.0
D/Calling nat( 2505): Updating all positions
D/Native  ( 2505): Calling Callback on body com.kristianlm.robotanks.box2dbridge.jnibox2d.JNIBox2DBody@40ced448_ID<1> x:1.5921285 y:-3.705178 angVel:0.0
D/Native  ( 2505): Calling Callback on body com.kristianlm.robotanks.box2dbridge.jnibox2d.JNIBox2DBody@40cee650_ID<2> x:-0.020452725 y:-3.706243 angVel:0.0
D/Calling nat( 2505): Updating all positions
D/Native  ( 2505): Calling Callback on body com.kristianlm.robotanks.box2dbridge.jnibox2d.JNIBox2DBody@40ced448_ID<1> x:1.5921285 y:-3.705178 angVel:0.0
D/Native  ( 2505): Calling Callback on body com.kristianlm.robotanks.box2dbridge.jnibox2d.JNIBox2DBody@40cee650_ID<2> x:-0.020452725 y:-3.706243 angVel:0.0
D/Calling nat( 2505): Updating all positions
D/Native  ( 2505): Calling Callback on body com.kristianlm.robotanks.box2dbridge.jnibox2d.JNIBox2DBody@40ced448_ID<1> x:1.5921285 y:-3.705178 angVel:0.0
D/Native  ( 2505): Calling Callback on body com.kristianlm.robotanks.box2dbridge.jnibox2d.JNIBox2DBody@40cee650_ID<2> x:-0.020452725 y:-3.706243 angVel:0.0
D/Calling nat( 2505): Updating all positions
D/Native  ( 2505): Calling Callback on body com.kristianlm.robotanks.box2dbridge.jnibox2d.JNIBox2DBody@40ced448_ID<1> x:1.5921285 y:-3.705178 angVel:0.0
D/Native  ( 2505): Calling Callback on body com.kristianlm.robotanks.box2dbridge.jnibox2d.JNIBox2DBody@40cee650_ID<2> x:-0.020452725 y:-3.706243 angVel:0.0
D/Calling nat( 2505): Updating all positions
D/Native  ( 2505): Calling Callback on body com.kristianlm.robotanks.box2dbridge.jnibox2d.JNIBox2DBody@40ced448_ID<1> x:1.5921285 y:-3.705178 angVel:0.0
D/Native  ( 2505): Calling Callback on body com.kristianlm.robotanks.box2dbridge.jnibox2d.JNIBox2DBody@40cee650_ID<2> x:-0.020452725 y:-3.706243 angVel:0.0
D/Calling nat( 2505): Updating all positions
D/Native  ( 2505): Calling Callback on body com.kristianlm.robotanks.box2dbridge.jnibox2d.JNIBox2DBody@40ced448_ID<1> x:1.5921285 y:-3.705178 angVel:0.0
D/Native  ( 2505): Calling Callback on body com.kristianlm.robotanks.box2dbridge.jnibox2d.JNIBox2DBody@40cee650_ID<2> x:-0.020452725 y:-3.706243 angVel:0.0
D/Calling nat( 2505): Updating all positions
D/Native  ( 2505): Calling Callback on body com.kristianlm.robotanks.box2dbridge.jnibox2d.JNIBox2DBody@40ced448_ID<1> x:1.5921285 y:-3.705178 angVel:0.0
D/Native  ( 2505): Calling Callback on body com.kristianlm.robotanks.box2dbridge.jnibox2d.JNIBox2DBody@40cee650_ID<2> x:-0.020452725 y:-3.706243 angVel:0.0
D/Calling nat( 2505): Updating all positions
D/Native  ( 2505): Calling Callback on body com.kristianlm.robotanks.box2dbridge.jnibox2d.JNIBox2DBody@40ced448_ID<1> x:1.5921285 y:-3.705178 angVel:0.0
D/Native  ( 2505): Calling Callback on body com.kristianlm.robotanks.box2dbridge.jnibox2d.JNIBox2DBody@40cee650_ID<2> x:-0.020452725 y:-3.706243 angVel:0.0
D/Calling nat( 2505): Updating all positions
D/Native  ( 2505): Calling Callback on body com.kristianlm.robotanks.box2dbridge.jnibox2d.JNIBox2DBody@40ced448_ID<1> x:1.5921285 y:-3.705178 angVel:0.0
D/Native  ( 2505): Calling Callback on body com.kristianlm.robotanks.box2dbridge.jnibox2d.JNIBox2DBody@40cee650_ID<2> x:-0.020452725 y:-3.706243 angVel:0.0
D/Calling nat( 2505): Updating all positions
D/Native  ( 2505): Calling Callback on body com.kristianlm.robotanks.box2dbridge.jnibox2d.JNIBox2DBody@40ced448_ID<1> x:1.5921285 y:-3.705178 angVel:0.0
D/Native  ( 2505): Calling Callback on body com.kristianlm.robotanks.box2dbridge.jnibox2d.JNIBox2DBody@40cee650_ID<2> x:-0.020452725 y:-3.706243 angVel:0.0
D/Calling nat( 2505): Updating all positions
D/Native  ( 2505): Calling Callback on body com.kristianlm.robotanks.box2dbridge.jnibox2d.JNIBox2DBody@40ced448_ID<1> x:1.5921285 y:-3.705178 angVel:0.0
D/Native  ( 2505): Calling Callback on body com.kristianlm.robotanks.box2dbridge.jnibox2d.JNIBox2DBody@40cee650_ID<2> x:-0.020452725 y:-3.706243 angVel:0.0
D/Calling nat( 2505): Updating all positions
D/Native  ( 2505): Calling Callback on body com.kristianlm.robotanks.box2dbridge.jnibox2d.JNIBox2DBody@40ced448_ID<1> x:1.5921285 y:-3.705178 angVel:0.0
D/Native  ( 2505): Calling Callback on body com.kristianlm.robotanks.box2dbridge.jnibox2d.JNIBox2DBody@40cee650_ID<2> x:-0.020452725 y:-3.706243 angVel:0.0
D/Calling nat( 2505): Updating all positions
D/Native  ( 2505): Calling Callback on body com.kristianlm.robotanks.box2dbridge.jnibox2d.JNIBox2DBody@40ced448_ID<1> x:1.5921285 y:-3.705178 angVel:0.0
D/Native  ( 2505): Calling Callback on body com.kristianlm.robotanks.box2dbridge.jnibox2d.JNIBox2DBody@40cee650_ID<2> x:-0.020452725 y:-3.706243 angVel:0.0
D/Calling nat( 2505): Updating all positions
D/Native  ( 2505): Calling Callback on body com.kristianlm.robotanks.box2dbridge.jnibox2d.JNIBox2DBody@40ced448_ID<1> x:1.5921285 y:-3.705178 angVel:0.0
D/Native  ( 2505): Calling Callback on body com.kristianlm.robotanks.box2dbridge.jnibox2d.JNIBox2DBody@40cee650_ID<2> x:-0.020452725 y:-3.706243 angVel:0.0
D/Calling nat( 2505): Updating all positions
D/Native  ( 2505): Calling Callback on body com.kristianlm.robotanks.box2dbridge.jnibox2d.JNIBox2DBody@40ced448_ID<1> x:1.5921285 y:-3.705178 angVel:0.0
D/Native  ( 2505): Calling Callback on body com.kristianlm.robotanks.box2dbridge.jnibox2d.JNIBox2DBody@40cee650_ID<2> x:-0.020452725 y:-3.706243 angVel:0.0
D/Calling nat( 2505): Updating all positions
D/Native  ( 2505): Calling Callback on body com.kristianlm.robotanks.box2dbridge.jnibox2d.JNIBox2DBody@40ced448_ID<1> x:1.5921285 y:-3.705178 angVel:0.0
D/Native  ( 2505): Calling Callback on body com.kristianlm.robotanks.box2dbridge.jnibox2d.JNIBox2DBody@40cee650_ID<2> x:-0.020452725 y:-3.706243 angVel:0.0
D/Calling nat( 2505): Updating all positions
D/Native  ( 2505): Calling Callback on body com.kristianlm.robotanks.box2dbridge.jnibox2d.JNIBox2DBody@40ced448_ID<1> x:1.5921285 y:-3.705178 angVel:0.0
D/Native  ( 2505): Calling Callback on body com.kristianlm.robotanks.box2dbridge.jnibox2d.JNIBox2DBody@40cee650_ID<2> x:-0.020452725 y:-3.706243 angVel:0.0
D/Calling nat( 2505): Updating all positions
D/Native  ( 2505): Calling Callback on body com.kristianlm.robotanks.box2dbridge.jnibox2d.JNIBox2DBody@40ced448_ID<1> x:1.5921285 y:-3.705178 angVel:0.0
D/Native  ( 2505): Calling Callback on body com.kristianlm.robotanks.box2dbridge.jnibox2d.JNIBox2DBody@40cee650_ID<2> x:-0.020452725 y:-3.706243 angVel:0.0
I/ActivityManager(  278): START u0 {act=android.intent.action.MAIN cat=[android.intent.category.HOME] flg=0x10200000 cmp=com.android.launcher/com.android.launcher2.Launcher} from pid 278
D/Calling nat( 2505): Updating all positions
D/Native  ( 2505): Calling Callback on body com.kristianlm.robotanks.box2dbridge.jnibox2d.JNIBox2DBody@40ced448_ID<1> x:1.5921285 y:-3.705178 angVel:0.0
D/Native  ( 2505): Calling Callback on body com.kristianlm.robotanks.box2dbridge.jnibox2d.JNIBox2DBody@40cee650_ID<2> x:-0.020452725 y:-3.706243 angVel:0.0
D/Calling nat( 2505): Updating all positions
D/Native  ( 2505): Calling Callback on body com.kristianlm.robotanks.box2dbridge.jnibox2d.JNIBox2DBody@40ced448_ID<1> x:1.5921285 y:-3.705178 angVel:0.0
D/Native  ( 2505): Calling Callback on body com.kristianlm.robotanks.box2dbridge.jnibox2d.JNIBox2DBody@40cee650_ID<2> x:-0.020452725 y:-3.706243 angVel:0.0
D/Calling nat( 2505): Updating all positions
D/Native  ( 2505): Calling Callback on body com.kristianlm.robotanks.box2dbridge.jnibox2d.JNIBox2DBody@40ced448_ID<1> x:1.5921285 y:-3.705178 angVel:0.0
D/Native  ( 2505): Calling Callback on body com.kristianlm.robotanks.box2dbridge.jnibox2d.JNIBox2DBody@40cee650_ID<2> x:-0.020452725 y:-3.706243 angVel:0.0
D/Calling nat( 2505): Updating all positions
D/Native  ( 2505): Calling Callback on body com.kristianlm.robotanks.box2dbridge.jnibox2d.JNIBox2DBody@40ced448_ID<1> x:1.5921285 y:-3.705178 angVel:0.0
D/Native  ( 2505): Calling Callback on body com.kristianlm.robotanks.box2dbridge.jnibox2d.JNIBox2DBody@40cee650_ID<2> x:-0.020452725 y:-3.706243 angVel:0.0
D/Calling nat( 2505): Updating all positions
D/Native  ( 2505): Calling Callback on body com.kristianlm.robotanks.box2dbridge.jnibox2d.JNIBox2DBody@40ced448_ID<1> x:1.5921285 y:-3.705178 angVel:0.0
D/Native  ( 2505): Calling Callback on body com.kristianlm.robotanks.box2dbridge.jnibox2d.JNIBox2DBody@40cee650_ID<2> x:-0.020452725 y:-3.706243 angVel:0.0
D/Calling nat( 2505): Updating all positions
D/Native  ( 2505): Calling Callback on body com.kristianlm.robotanks.box2dbridge.jnibox2d.JNIBox2DBody@40ced448_ID<1> x:1.5921285 y:-3.705178 angVel:0.0
D/Native  ( 2505): Calling Callback on body com.kristianlm.robotanks.box2dbridge.jnibox2d.JNIBox2DBody@40cee650_ID<2> x:-0.020452725 y:-3.706243 angVel:0.0
D/Calling nat( 2505): Updating all positions
D/Native  ( 2505): Calling Callback on body com.kristianlm.robotanks.box2dbridge.jnibox2d.JNIBox2DBody@40ced448_ID<1> x:1.5921285 y:-3.705178 angVel:0.0
D/Native  ( 2505): Calling Callback on body com.kristianlm.robotanks.box2dbridge.jnibox2d.JNIBox2DBody@40cee650_ID<2> x:-0.020452725 y:-3.706243 angVel:0.0
D/dalvikvm(  278): GC_FOR_ALLOC freed 592K, 24% free 6549K/8568K, paused 102ms, total 111ms
D/Calling nat( 2505): Updating all positions
D/Native  ( 2505): Calling Callback on body com.kristianlm.robotanks.box2dbridge.jnibox2d.JNIBox2DBody@40ced448_ID<1> x:1.5921285 y:-3.705178 angVel:0.0
D/Native  ( 2505): Calling Callback on body com.kristianlm.robotanks.box2dbridge.jnibox2d.JNIBox2DBody@40cee650_ID<2> x:-0.020452725 y:-3.706243 angVel:0.0
D/Calling nat( 2505): Updating all positions
D/Native  ( 2505): Calling Callback on body com.kristianlm.robotanks.box2dbridge.jnibox2d.JNIBox2DBody@40ced448_ID<1> x:1.5921285 y:-3.705178 angVel:0.0
D/Native  ( 2505): Calling Callback on body com.kristianlm.robotanks.box2dbridge.jnibox2d.JNIBox2DBody@40cee650_ID<2> x:-0.020452725 y:-3.706243 angVel:0.0
D/Calling nat( 2505): Updating all positions
D/Native  ( 2505): Calling Callback on body com.kristianlm.robotanks.box2dbridge.jnibox2d.JNIBox2DBody@40ced448_ID<1> x:1.5921285 y:-3.705178 angVel:0.0
D/Native  ( 2505): Calling Callback on body com.kristianlm.robotanks.box2dbridge.jnibox2d.JNIBox2DBody@40cee650_ID<2> x:-0.020452725 y:-3.706243 angVel:0.0
D/Calling nat( 2505): Updating all positions
D/Native  ( 2505): Calling Callback on body com.kristianlm.robotanks.box2dbridge.jnibox2d.JNIBox2DBody@40ced448_ID<1> x:1.5921285 y:-3.705178 angVel:0.0
D/Native  ( 2505): Calling Callback on body com.kristianlm.robotanks.box2dbridge.jnibox2d.JNIBox2DBody@40cee650_ID<2> x:-0.020452725 y:-3.706243 angVel:0.0
D/Calling nat( 2505): Updating all positions
D/Native  ( 2505): Calling Callback on body com.kristianlm.robotanks.box2dbridge.jnibox2d.JNIBox2DBody@40ced448_ID<1> x:1.5921285 y:-3.705178 angVel:0.0
D/Native  ( 2505): Calling Callback on body com.kristianlm.robotanks.box2dbridge.jnibox2d.JNIBox2DBody@40cee650_ID<2> x:-0.020452725 y:-3.706243 angVel:0.0
D/Calling nat( 2505): Updating all positions
D/Native  ( 2505): Calling Callback on body com.kristianlm.robotanks.box2dbridge.jnibox2d.JNIBox2DBody@40ced448_ID<1> x:1.5921285 y:-3.705178 angVel:0.0
D/Native  ( 2505): Calling Callback on body com.kristianlm.robotanks.box2dbridge.jnibox2d.JNIBox2DBody@40cee650_ID<2> x:-0.020452725 y:-3.706243 angVel:0.0
D/Calling nat( 2505): Updating all positions
D/Native  ( 2505): Calling Callback on body com.kristianlm.robotanks.box2dbridge.jnibox2d.JNIBox2DBody@40ced448_ID<1> x:1.5921285 y:-3.705178 angVel:0.0
D/Native  ( 2505): Calling Callback on body com.kristianlm.robotanks.box2dbridge.jnibox2d.JNIBox2DBody@40cee650_ID<2> x:-0.020452725 y:-3.706243 angVel:0.0
D/Calling nat( 2505): Updating all positions
D/Native  ( 2505): Calling Callback on body com.kristianlm.robotanks.box2dbridge.jnibox2d.JNIBox2DBody@40ced448_ID<1> x:1.5921285 y:-3.705178 angVel:0.0
D/Native  ( 2505): Calling Callback on body com.kristianlm.robotanks.box2dbridge.jnibox2d.JNIBox2DBody@40cee650_ID<2> x:-0.020452725 y:-3.706243 angVel:0.0
E/SurfaceFlinger(   37): ro.sf.lcd_density must be defined as a build property
D/Calling nat( 2505): Updating all positions
D/Native  ( 2505): Calling Callback on body com.kristianlm.robotanks.box2dbridge.jnibox2d.JNIBox2DBody@40ced448_ID<1> x:1.5921285 y:-3.705178 angVel:0.0
D/Native  ( 2505): Calling Callback on body com.kristianlm.robotanks.box2dbridge.jnibox2d.JNIBox2DBody@40cee650_ID<2> x:-0.020452725 y:-3.706243 angVel:0.0
D/Calling nat( 2505): Updating all positions
D/Native  ( 2505): Calling Callback on body com.kristianlm.robotanks.box2dbridge.jnibox2d.JNIBox2DBody@40ced448_ID<1> x:1.5921285 y:-3.705178 angVel:0.0
D/Native  ( 2505): Calling Callback on body com.kristianlm.robotanks.box2dbridge.jnibox2d.JNIBox2DBody@40cee650_ID<2> x:-0.020452725 y:-3.706243 angVel:0.0
W/EGL_emulation(  392): eglSurfaceAttrib not implemented
D/Calling nat( 2505): Updating all positions
D/Native  ( 2505): Calling Callback on body com.kristianlm.robotanks.box2dbridge.jnibox2d.JNIBox2DBody@40ced448_ID<1> x:1.5921285 y:-3.705178 angVel:0.0
D/Native  ( 2505): Calling Callback on body com.kristianlm.robotanks.box2dbridge.jnibox2d.JNIBox2DBody@40cee650_ID<2> x:-0.020452725 y:-3.706243 angVel:0.0
D/Calling nat( 2505): Updating all positions
D/Native  ( 2505): Calling Callback on body com.kristianlm.robotanks.box2dbridge.jnibox2d.JNIBox2DBody@40ced448_ID<1> x:1.5921285 y:-3.705178 angVel:0.0
D/Native  ( 2505): Calling Callback on body com.kristianlm.robotanks.box2dbridge.jnibox2d.JNIBox2DBody@40cee650_ID<2> x:-0.020452725 y:-3.706243 angVel:0.0
D/Calling nat( 2505): Updating all positions
D/Native  ( 2505): Calling Callback on body com.kristianlm.robotanks.box2dbridge.jnibox2d.JNIBox2DBody@40ced448_ID<1> x:1.5921285 y:-3.705178 angVel:0.0
D/Native  ( 2505): Calling Callback on body com.kristianlm.robotanks.box2dbridge.jnibox2d.JNIBox2DBody@40cee650_ID<2> x:-0.020452725 y:-3.706243 angVel:0.0
D/Calling nat( 2505): Updating all positions
D/Native  ( 2505): Calling Callback on body com.kristianlm.robotanks.box2dbridge.jnibox2d.JNIBox2DBody@40ced448_ID<1> x:1.5921285 y:-3.705178 angVel:0.0
D/Native  ( 2505): Calling Callback on body com.kristianlm.robotanks.box2dbridge.jnibox2d.JNIBox2DBody@40cee650_ID<2> x:-0.020452725 y:-3.706243 angVel:0.0
D/Calling nat( 2505): Updating all positions
D/Native  ( 2505): Calling Callback on body com.kristianlm.robotanks.box2dbridge.jnibox2d.JNIBox2DBody@40ced448_ID<1> x:1.5921285 y:-3.705178 angVel:0.0
D/Native  ( 2505): Calling Callback on body com.kristianlm.robotanks.box2dbridge.jnibox2d.JNIBox2DBody@40cee650_ID<2> x:-0.020452725 y:-3.706243 angVel:0.0
D/Calling nat( 2505): Updating all positions
D/Native  ( 2505): Calling Callback on body com.kristianlm.robotanks.box2dbridge.jnibox2d.JNIBox2DBody@40ced448_ID<1> x:1.5921285 y:-3.705178 angVel:0.0
D/Native  ( 2505): Calling Callback on body com.kristianlm.robotanks.box2dbridge.jnibox2d.JNIBox2DBody@40cee650_ID<2> x:-0.020452725 y:-3.706243 angVel:0.0
I/ActivityManager(  278): START u0 {act=android.intent.action.DELETE dat=package:com.lmdig.android.tutorial.oglbox2dbasics flg=0x10800000 cmp=com.android.packageinstaller/.UninstallerActivity} from pid 392
D/dalvikvm( 2326): GC_CONCURRENT freed 21K, 23% free 4422K/5732K, paused 4ms+18ms, total 82ms
D/dalvikvm( 2326): WAIT_FOR_CONCURRENT_GC blocked 47ms
E/SurfaceFlinger(   37): ro.sf.lcd_density must be defined as a build property
W/EGL_emulation( 2326): eglSurfaceAttrib not implemented
I/ActivityManager(  278): Displayed com.android.packageinstaller/.UninstallerActivity: +595ms
I/ActivityManager(  278): START u0 {act=android.intent.action.VIEW cmp=com.android.packageinstaller/.UninstallAppProgress (has extras)} from pid 2326
D/dalvikvm(  278): GC_FOR_ALLOC freed 548K, 24% free 6512K/8568K, paused 60ms, total 64ms
D/dalvikvm( 2326): GC_FOR_ALLOC freed 1595K, 42% free 3335K/5732K, paused 29ms, total 38ms
I/dalvikvm-heap( 2326): Grow heap (frag case) to 3.978MB for 635812-byte allocation
D/dalvikvm( 2326): GC_FOR_ALLOC freed 4K, 32% free 3951K/5732K, paused 54ms, total 54ms
D/dalvikvm( 2326): GC_CONCURRENT freed 1K, 31% free 3964K/5732K, paused 13ms+14ms, total 73ms
I/PackageManager(  278): Removing non-system package:com.lmdig.android.tutorial.oglbox2dbasics
W/PackageManager(  278): Couldn't delete native library directory /data/app-lib/com.lmdig.android.tutorial.oglbox2dbasics
I/ActivityManager(  278): Force stopping package com.lmdig.android.tutorial.oglbox2dbasics appid=10049 user=-1
I/ActivityManager(  278): Killing proc 2505:com.lmdig.android.tutorial.oglbox2dbasics/u0a10049: force stop com.lmdig.android.tutorial.oglbox2dbasics
I/ActivityManager(  278):   Force finishing activity ActivityRecord{40e63e20 u0 com.lmdig.android.tutorial.oglbox2dbasics/.MainActivity}
E/SurfaceFlinger(   37): ro.sf.lcd_density must be defined as a build property
W/EGL_emulation( 2326): eglSurfaceAttrib not implemented
I/WindowState(  278): WIN DEATH: Window{40f65650 u0 SurfaceView}
I/WindowState(  278): WIN DEATH: Window{40f99a08 u0 com.lmdig.android.tutorial.oglbox2dbasics/com.lmdig.android.tutorial.oglbox2dbasics.MainActivity}
I/ActivityManager(  278): Displayed com.android.packageinstaller/.UninstallAppProgress: +537ms
I/ActivityManager(  278): Force stopping package com.lmdig.android.tutorial.oglbox2dbasics appid=10049 user=0
D/dalvikvm( 2236): GC_EXPLICIT freed 221K, 12% free 2709K/3064K, paused 3ms+14ms, total 104ms
W/InputMethodManagerService(  278): Found no subtypes in a system IME: com.android.inputmethod.pinyin
E/ActivityThread(  367): Failed to find provider info for com.android.inputmethod.latin.dictionarypack
I/InputReader(  278): Reconfiguring input devices.  changes=0x00000010
E/BinaryDictionaryGetter(  367): Could not find a dictionary pack
W/ContextImpl( 2341): Calling a method in the system process without a qualified user: android.app.ContextImpl.startService:1352 android.content.ContextWrapper.startService:450 android.content.ContextWrapper.startService:450 com.android.keychain.KeyChainBroadcastReceiver.onReceive:12 android.app.ActivityThread.handleReceiver:2376 
D/VoicemailCleanupService( 2236): Cleaning up data for package: com.lmdig.android.tutorial.oglbox2dbasics
D/dalvikvm(  392): GC_EXPLICIT freed 1249K, 28% free 6893K/9512K, paused 10ms+18ms, total 450ms
I/Choreographer(  392): Skipped 41 frames!  The application may be doing too much work on its main thread.
D/dalvikvm(  278): GC_EXPLICIT freed 409K, 21% free 6777K/8568K, paused 96ms+56ms, total 1350ms
E/SurfaceFlinger(   37): ro.sf.lcd_density must be defined as a build property
