E/ActivityThread(  599): 	at android.app.ContextImpl.bindService(ContextImpl.java:1418)
E/ActivityThread(  599): 	at android.app.ContextImpl.bindService(ContextImpl.java:1407)
E/ActivityThread(  599): 	at android.content.ContextWrapper.bindService(ContextWrapper.java:473)
E/ActivityThread(  599): 	at com.android.emailcommon.service.ServiceProxy.setTask(ServiceProxy.java:157)
E/ActivityThread(  599): 	at com.android.emailcommon.service.ServiceProxy.setTask(ServiceProxy.java:145)
E/ActivityThread(  599): 	at com.android.emailcommon.service.AccountServiceProxy.getDeviceId(AccountServiceProxy.java:116)
E/ActivityThread(  599): 	at com.android.exchange.ExchangeService.getDeviceId(ExchangeService.java:1249)
E/ActivityThread(  599): 	at com.android.exchange.ExchangeService$7.run(ExchangeService.java:1856)
E/ActivityThread(  599): 	at com.android.emailcommon.utility.Utility$2.doInBackground(Utility.java:551)
E/ActivityThread(  599): 	at com.android.emailcommon.utility.Utility$2.doInBackground(Utility.java:549)
E/ActivityThread(  599): 	at android.os.AsyncTask$2.call(AsyncTask.java:287)
E/ActivityThread(  599): 	at java.util.concurrent.FutureTask.run(FutureTask.java:234)
E/ActivityThread(  599): 	at java.util.concurrent.ThreadPoolExecutor.runWorker(ThreadPoolExecutor.java:1080)
E/ActivityThread(  599): 	at java.util.concurrent.ThreadPoolExecutor$Worker.run(ThreadPoolExecutor.java:573)
E/ActivityThread(  599): 	at java.lang.Thread.run(Thread.java:856)
E/StrictMode(  599): null
E/StrictMode(  599): android.app.ServiceConnectionLeaked: Service com.android.exchange.ExchangeService has leaked ServiceConnection com.android.emailcommon.service.ServiceProxy$ProxyConnection@40d31dd8 that was originally bound here
E/StrictMode(  599): 	at android.app.LoadedApk$ServiceDispatcher.<init>(LoadedApk.java:969)
E/StrictMode(  599): 	at android.app.LoadedApk.getServiceDispatcher(LoadedApk.java:863)
E/StrictMode(  599): 	at android.app.ContextImpl.bindService(ContextImpl.java:1418)
E/StrictMode(  599): 	at android.app.ContextImpl.bindService(ContextImpl.java:1407)
E/StrictMode(  599): 	at android.content.ContextWrapper.bindService(ContextWrapper.java:473)
E/StrictMode(  599): 	at com.android.emailcommon.service.ServiceProxy.setTask(ServiceProxy.java:157)
E/StrictMode(  599): 	at com.android.emailcommon.service.ServiceProxy.setTask(ServiceProxy.java:145)
E/StrictMode(  599): 	at com.android.emailcommon.service.AccountServiceProxy.getDeviceId(AccountServiceProxy.java:116)
E/StrictMode(  599): 	at com.android.exchange.ExchangeService.getDeviceId(ExchangeService.java:1249)
E/StrictMode(  599): 	at com.android.exchange.ExchangeService$7.run(ExchangeService.java:1856)
E/StrictMode(  599): 	at com.android.emailcommon.utility.Utility$2.doInBackground(Utility.java:551)
E/StrictMode(  599): 	at com.android.emailcommon.utility.Utility$2.doInBackground(Utility.java:549)
E/StrictMode(  599): 	at android.os.AsyncTask$2.call(AsyncTask.java:287)
E/StrictMode(  599): 	at java.util.concurrent.FutureTask.run(FutureTask.java:234)
E/StrictMode(  599): 	at java.util.concurrent.ThreadPoolExecutor.runWorker(ThreadPoolExecutor.java:1080)
E/StrictMode(  599): 	at java.util.concurrent.ThreadPoolExecutor$Worker.run(ThreadPoolExecutor.java:573)
E/StrictMode(  599): 	at java.lang.Thread.run(Thread.java:856)
W/ActivityManager(  278): Unbind failed: could not find connection for android.os.BinderProxy@410fc070
E/ActivityThread(  599): Service com.android.exchange.ExchangeService has leaked ServiceConnection com.android.emailcommon.service.ServiceProxy$ProxyConnection@40d383c8 that was originally bound here
E/ActivityThread(  599): android.app.ServiceConnectionLeaked: Service com.android.exchange.ExchangeService has leaked ServiceConnection com.android.emailcommon.service.ServiceProxy$ProxyConnection@40d383c8 that was originally bound here
E/ActivityThread(  599): 	at android.app.LoadedApk$ServiceDispatcher.<init>(LoadedApk.java:969)
E/ActivityThread(  599): 	at android.app.LoadedApk.getServiceDispatcher(LoadedApk.java:863)
E/ActivityThread(  599): 	at android.app.ContextImpl.bindService(ContextImpl.java:1418)
E/ActivityThread(  599): 	at android.app.ContextImpl.bindService(ContextImpl.java:1407)
E/ActivityThread(  599): 	at android.content.ContextWrapper.bindService(ContextWrapper.java:473)
E/ActivityThread(  599): 	at com.android.emailcommon.service.ServiceProxy.setTask(ServiceProxy.java:157)
E/ActivityThread(  599): 	at com.android.emailcommon.service.ServiceProxy.setTask(ServiceProxy.java:145)
E/ActivityThread(  599): 	at com.android.emailcommon.service.ServiceProxy.test(ServiceProxy.java:191)
E/ActivityThread(  599): 	at com.android.exchange.ExchangeService$7.run(ExchangeService.java:1850)
E/ActivityThread(  599): 	at com.android.emailcommon.utility.Utility$2.doInBackground(Utility.java:551)
E/ActivityThread(  599): 	at com.android.emailcommon.utility.Utility$2.doInBackground(Utility.java:549)
E/ActivityThread(  599): 	at android.os.AsyncTask$2.call(AsyncTask.java:287)
E/ActivityThread(  599): 	at java.util.concurrent.FutureTask.run(FutureTask.java:234)
E/ActivityThread(  599): 	at java.util.concurrent.ThreadPoolExecutor.runWorker(ThreadPoolExecutor.java:1080)
E/ActivityThread(  599): 	at java.util.concurrent.ThreadPoolExecutor$Worker.run(ThreadPoolExecutor.java:573)
E/ActivityThread(  599): 	at java.lang.Thread.run(Thread.java:856)
E/StrictMode(  599): null
E/StrictMode(  599): android.app.ServiceConnectionLeaked: Service com.android.exchange.ExchangeService has leaked ServiceConnection com.android.emailcommon.service.ServiceProxy$ProxyConnection@40d383c8 that was originally bound here
E/StrictMode(  599): 	at android.app.LoadedApk$ServiceDispatcher.<init>(LoadedApk.java:969)
E/StrictMode(  599): 	at android.app.LoadedApk.getServiceDispatcher(LoadedApk.java:863)
E/StrictMode(  599): 	at android.app.ContextImpl.bindService(ContextImpl.java:1418)
E/StrictMode(  599): 	at android.app.ContextImpl.bindService(ContextImpl.java:1407)
E/StrictMode(  599): 	at android.content.ContextWrapper.bindService(ContextWrapper.java:473)
E/StrictMode(  599): 	at com.android.emailcommon.service.ServiceProxy.setTask(ServiceProxy.java:157)
E/StrictMode(  599): 	at com.android.emailcommon.service.ServiceProxy.setTask(ServiceProxy.java:145)
E/StrictMode(  599): 	at com.android.emailcommon.service.ServiceProxy.test(ServiceProxy.java:191)
E/StrictMode(  599): 	at com.android.exchange.ExchangeService$7.run(ExchangeService.java:1850)
E/StrictMode(  599): 	at com.android.emailcommon.utility.Utility$2.doInBackground(Utility.java:551)
E/StrictMode(  599): 	at com.android.emailcommon.utility.Utility$2.doInBackground(Utility.java:549)
E/StrictMode(  599): 	at android.os.AsyncTask$2.call(AsyncTask.java:287)
E/StrictMode(  599): 	at java.util.concurrent.FutureTask.run(FutureTask.java:234)
E/StrictMode(  599): 	at java.util.concurrent.ThreadPoolExecutor.runWorker(ThreadPoolExecutor.java:1080)
E/StrictMode(  599): 	at java.util.concurrent.ThreadPoolExecutor$Worker.run(ThreadPoolExecutor.java:573)
E/StrictMode(  599): 	at java.lang.Thread.run(Thread.java:856)
W/ActivityManager(  278): Unbind failed: could not find connection for android.os.BinderProxy@411bc5c8
E/ThrottleService(  278): problem during onPollAlarm: java.lang.IllegalStateException: problem parsing stats: java.io.FileNotFoundException: /proc/net/xt_qtaguid/iface_stat_all: open failed: ENOENT (No such file or directory)
D/AndroidRuntime( 2597): 
D/AndroidRuntime( 2597): >>>>>> AndroidRuntime START com.android.internal.os.RuntimeInit <<<<<<
D/AndroidRuntime( 2597): CheckJNI is ON
D/dalvikvm( 2597): Trying to load lib libjavacore.so 0x0
D/dalvikvm( 2597): Added shared lib libjavacore.so 0x0
D/dalvikvm( 2597): Trying to load lib libnativehelper.so 0x0
D/dalvikvm( 2597): Added shared lib libnativehelper.so 0x0
D/AndroidRuntime( 2597): Calling main entry com.android.commands.pm.Pm
W/ActivityManager(  278): No content provider found for permission revoke: file:///data/local/tmp/ogl-box2d-basics-debug.apk
W/ActivityManager(  278): No content provider found for permission revoke: file:///data/local/tmp/ogl-box2d-basics-debug.apk
I/PackageManager(  278): Copying native libraries to /data/app-lib/vmdl613964456
I/PackageManager(  278): Removing non-system package:com.lmdig.android.tutorial.oglbox2dbasics
I/ActivityManager(  278): Force stopping package com.lmdig.android.tutorial.oglbox2dbasics appid=10049 user=-1
I/ActivityManager(  278): Killing proc 2562:com.lmdig.android.tutorial.oglbox2dbasics/u0a10049: force stop com.lmdig.android.tutorial.oglbox2dbasics
I/ActivityManager(  278):   Force finishing activity ActivityRecord{40e63e20 u0 com.lmdig.android.tutorial.oglbox2dbasics/.MainActivity}
I/WindowState(  278): WIN DEATH: Window{41023958 u0 SurfaceView}
I/WindowState(  278): WIN DEATH: Window{40f7fa40 u0 com.lmdig.android.tutorial.oglbox2dbasics/com.lmdig.android.tutorial.oglbox2dbasics.MainActivity}
I/PackageManager(  278): Package com.lmdig.android.tutorial.oglbox2dbasics codePath changed from /data/app/com.lmdig.android.tutorial.oglbox2dbasics-1.apk to /data/app/com.lmdig.android.tutorial.oglbox2dbasics-2.apk; Retaining data and using new
I/PackageManager(  278): Running dexopt on: com.lmdig.android.tutorial.oglbox2dbasics
D/dalvikvm( 2608): DexOpt: load 60ms, verify+opt 333ms, 383684 bytes
I/ActivityManager(  278): Force stopping package com.lmdig.android.tutorial.oglbox2dbasics appid=10049 user=-1
W/PackageManager(  278): Code path for pkg : com.lmdig.android.tutorial.oglbox2dbasics changing from /data/app/com.lmdig.android.tutorial.oglbox2dbasics-1.apk to /data/app/com.lmdig.android.tutorial.oglbox2dbasics-2.apk
W/PackageManager(  278): Resource path for pkg : com.lmdig.android.tutorial.oglbox2dbasics changing from /data/app/com.lmdig.android.tutorial.oglbox2dbasics-1.apk to /data/app/com.lmdig.android.tutorial.oglbox2dbasics-2.apk
D/dalvikvm(  278): GC_CONCURRENT freed 706K, 21% free 6822K/8568K, paused 7ms+11ms, total 86ms
D/PackageManager(  278): New package installed in /data/app/com.lmdig.android.tutorial.oglbox2dbasics-2.apk
I/ActivityManager(  278): Force stopping package com.lmdig.android.tutorial.oglbox2dbasics appid=10049 user=0
D/dalvikvm(  392): GC_EXPLICIT freed 782K, 29% free 6866K/9664K, paused 3ms+9ms, total 86ms
D/dalvikvm( 2236): GC_EXPLICIT freed 220K, 12% free 2709K/3064K, paused 3ms+4ms, total 93ms
I/InputReader(  278): Reconfiguring input devices.  changes=0x00000010
W/ContextImpl( 2341): Calling a method in the system process without a qualified user: android.app.ContextImpl.startService:1352 android.content.ContextWrapper.startService:450 android.content.ContextWrapper.startService:450 com.android.keychain.KeyChainBroadcastReceiver.onReceive:12 android.app.ActivityThread.handleReceiver:2376 
I/InputReader(  278): Reconfiguring input devices.  changes=0x00000010
W/InputMethodManagerService(  278): Found no subtypes in a system IME: com.android.inputmethod.pinyin
D/dalvikvm(  278): GC_EXPLICIT freed 628K, 21% free 6771K/8568K, paused 4ms+23ms, total 274ms
D/AndroidRuntime( 2597): Shutting down VM
D/dalvikvm( 2597): GC_CONCURRENT freed 91K, 17% free 459K/552K, paused 1ms+1ms, total 8ms
W/RecognitionManagerService(  278): no available voice recognition services found for user 0
D/dalvikvm(  392): GC_CONCURRENT freed 2077K, 35% free 6286K/9664K, paused 6ms+9ms, total 136ms
D/dalvikvm(  392): WAIT_FOR_CONCURRENT_GC blocked 70ms
D/dalvikvm(  392): GC_FOR_ALLOC freed 612K, 32% free 6604K/9664K, paused 59ms, total 61ms
I/dalvikvm-heap(  392): Grow heap (frag case) to 7.449MB for 925072-byte allocation
D/dalvikvm(  392): GC_FOR_ALLOC freed 1K, 29% free 7506K/10568K, paused 90ms, total 90ms
D/dalvikvm(  392): GC_FOR_ALLOC freed 346K, 30% free 7497K/10568K, paused 68ms, total 72ms
I/dalvikvm-heap(  392): Grow heap (frag case) to 7.940MB for 525136-byte allocation
D/dalvikvm(  392): GC_FOR_ALLOC freed 319K, 31% free 7691K/11084K, paused 62ms, total 62ms
D/dalvikvm(  392): GC_CONCURRENT freed 2243K, 21% free 7111K/8980K, paused 5ms+8ms, total 54ms
D/dalvikvm(  392): WAIT_FOR_CONCURRENT_GC blocked 32ms
I/dalvikvm-heap(  392): Grow heap (frag case) to 7.361MB for 313360-byte allocation
D/dalvikvm(  392): GC_FOR_ALLOC freed 154K, 22% free 7263K/9288K, paused 61ms, total 61ms
D/dalvikvm(  392): GC_FOR_ALLOC freed 349K, 24% free 7125K/9288K, paused 33ms, total 34ms
I/dalvikvm-heap(  392): Grow heap (frag case) to 7.471MB for 414736-byte allocation
D/dalvikvm(  392): GC_FOR_ALLOC freed <1K, 23% free 7530K/9696K, paused 45ms, total 45ms
I/ActivityManager(  278): START u0 {act=android.intent.action.MAIN cat=[android.intent.category.LAUNCHER] flg=0x10200000 cmp=com.lmdig.android.tutorial.oglbox2dbasics/.MainActivity} from pid 392
E/SurfaceFlinger(   37): ro.sf.lcd_density must be defined as a build property
D/dalvikvm( 2618): Not late-enabling CheckJNI (already on)
I/ActivityManager(  278): Start proc com.lmdig.android.tutorial.oglbox2dbasics for activity com.lmdig.android.tutorial.oglbox2dbasics/.MainActivity: pid=2618 uid=10049 gids={50049, 1028}
I/ActivityManager(  278): START u0 {act=android.intent.action.MAIN cat=[android.intent.category.LAUNCHER] flg=0x10200000 cmp=com.lmdig.android.tutorial.oglbox2dbasics/.MainActivity} from pid 392
I/dalvikvm( 2618): Turning on JNI app bug workarounds for target SDK version 9...
E/Trace   ( 2618): error opening trace file: No such file or directory (2)
D/dalvikvm( 2618): Trying to load lib /data/app-lib/com.lmdig.android.tutorial.oglbox2dbasics-2/libbox2d.so 0x40ce6160
D/dalvikvm( 2618): Added shared lib /data/app-lib/com.lmdig.android.tutorial.oglbox2dbasics-2/libbox2d.so 0x40ce6160
D/dalvikvm( 2618): No JNI_OnLoad found in /data/app-lib/com.lmdig.android.tutorial.oglbox2dbasics-2/libbox2d.so 0x40ce6160, skipping init
I/pg      ( 2618): Using JNIBox2D as physics engine.
D/Native  ( 2618): Gravity set to 0.000000, -10.000000
D/dalvikvm( 2618): Trying to load lib /data/app-lib/com.lmdig.android.tutorial.oglbox2dbasics-2/libbox2d.so 0x40ce6160
D/dalvikvm( 2618): Shared lib '/data/app-lib/com.lmdig.android.tutorial.oglbox2dbasics-2/libbox2d.so' already loaded in same CL 0x40ce6160
I/System.out( 2618): associated com.kristianlm.robotanks.box2dbridge.jnibox2d.JNIBox2DBody@40ced1e0_ID<0> with 0
I/System.out( 2618): associated com.kristianlm.robotanks.box2dbridge.jnibox2d.JNIBox2DBody@40cef3a0_ID<1> with 1
I/System.out( 2618): associated com.kristianlm.robotanks.box2dbridge.jnibox2d.JNIBox2DBody@40cf0320_ID<2> with 2
V/PhoneStatusBar(  338): setLightsOn(true)
E/SurfaceFlinger(   37): ro.sf.lcd_density must be defined as a build property
E/SurfaceFlinger(   37): ro.sf.lcd_density must be defined as a build property
D/libEGL  ( 2618): loaded /system/lib/egl/libEGL_emulation.so
D/        ( 2618): HostConnection::get() New Host Connection established 0x2a1b5c48, tid 2631
D/libEGL  ( 2618): loaded /system/lib/egl/libGLESv1_CM_emulation.so
D/libEGL  ( 2618): loaded /system/lib/egl/libGLESv2_emulation.so
D/        ( 2618): HostConnection::get() New Host Connection established 0x2a1484a8, tid 2618
D/Calling nat( 2618): Updating all positions
D/Native  ( 2618): Updating all positions
D/Native  ( 2618): Callback updateBodyData
D/Native  ( 2618): Body info is 0.000000 -0.864784 0.000000 -0.000000 0.018728 0.000000 19.199999
D/Native  ( 2618): Calling the callback from update body
D/Native  ( 2618): Calling Callback on body com.kristianlm.robotanks.box2dbridge.jnibox2d.JNIBox2DBody@40cf0320_ID<2> x:0.0 y:-0.86478436 angVel:0.0
D/Native  ( 2618): Body info is 0.000000 0.029274 0.000000 0.000000 0.003919 0.000000 2.823529
I/ActivityManager(  278): Displayed com.lmdig.android.tutorial.oglbox2dbasics/.MainActivity: +771ms
D/Native  ( 2618): Calling the callback from update body
D/Native  ( 2618): Calling Callback on body com.kristianlm.robotanks.box2dbridge.jnibox2d.JNIBox2DBody@40cef3a0_ID<1> x:0.0 y:0.029273547 angVel:0.0
D/Native  ( 2618): Body info is 0.000000 -10.000000 0.000000 0.000000 0.000000 0.000000 Inf
D/Calling nat( 2618): Updating all positions
D/Native  ( 2618): Updating all positions
D/Native  ( 2618): Body info is 0.000046 -0.730275 0.001838 0.000000 0.035179 0.000000 19.199999
D/Native  ( 2618): Calling the callback from update body
D/Native  ( 2618): Calling Callback on body com.kristianlm.robotanks.box2dbridge.jnibox2d.JNIBox2DBody@40cf0320_ID<2> x:4.5959667E-5 y:-0.7302747 angVel:3.678724E-8
D/Native  ( 2618): Body info is -0.000002 0.055307 -0.000090 0.000000 0.006251 0.000000 2.823529
D/Native  ( 2618): Calling the callback from update body
D/Native  ( 2618): Calling Callback on body com.kristianlm.robotanks.box2dbridge.jnibox2d.JNIBox2DBody@40cef3a0_ID<1> x:-2.2559295E-6 y:0.055307075 angVel:7.916242E-9
D/Native  ( 2618): Body info is 0.000000 -10.000000 0.000000 0.000000 0.000000 0.000000 Inf
D/Calling nat( 2618): Updating all positions
D/Native  ( 2618): Updating all positions
D/Native  ( 2618): Body info is 0.000123 -0.596294 0.003089 0.000000 0.049585 0.000000 19.199999
D/Native  ( 2618): Calling the callback from update body
D/Native  ( 2618): Calling Callback on body com.kristianlm.robotanks.box2dbridge.jnibox2d.JNIBox2DBody@40cf0320_ID<2> x:1.2319583E-4 y:-0.59629405 angVel:6.798655E-8
D/Native  ( 2618): Body info is -0.000004 0.078461 -0.000068 0.000000 0.007517 0.000000 2.823529
D/Native  ( 2618): Calling the callback from update body
D/Native  ( 2618): Calling Callback on body com.kristianlm.robotanks.box2dbridge.jnibox2d.JNIBox2DBody@40cef3a0_ID<1> x:-3.9652064E-6 y:0.078460656 angVel:4.278263E-9
D/Native  ( 2618): Body info is 0.000000 -10.000000 0.000000 0.000000 0.000000 0.000000 Inf
D/Calling nat( 2618): Updating all positions
D/Native  ( 2618): Updating all positions
D/Native  ( 2618): Body info is 0.000181 -0.478917 0.002328 -0.000000 0.063822 -0.000000 19.199999
D/Native  ( 2618): Calling the callback from update body
D/Native  ( 2618): Calling Callback on body com.kristianlm.robotanks.box2dbridge.jnibox2d.JNIBox2DBody@40cf0320_ID<2> x:1.8138463E-4 y:-0.47891742 angVel:-5.5879354E-9
D/Native  ( 2618): Body info is -0.000005 0.099053 -0.000037 -0.000000 0.008073 -0.000000 2.823529
D/Native  ( 2618): Calling the callback from update body
D/Native  ( 2618): Calling Callback on body com.kristianlm.robotanks.box2dbridge.jnibox2d.JNIBox2DBody@40cef3a0_ID<1> x:-4.8829093E-6 y:0.09905345 angVel:-1.4479156E-8
D/Native  ( 2618): Body info is 0.000000 -10.000000 0.000000 0.000000 0.000000 0.000000 Inf
D/Calling nat( 2618): Updating all positions
D/Native  ( 2618): Updating all positions
D/Native  ( 2618): Body info is 0.000209 -0.379307 0.001102 0.000000 0.067644 -0.000000 19.199999
D/Native  ( 2618): Calling the callback from update body
D/Native  ( 2618): Calling Callback on body com.kristianlm.robotanks.box2dbridge.jnibox2d.JNIBox2DBody@40cf0320_ID<2> x:2.0894245E-4 y:-0.37930712 angVel:-2.7939677E-9
D/Native  ( 2618): Body info is -0.000005 0.117369 -0.000016 -0.000000 0.008166 0.000000 2.823529
D/Native  ( 2618): Calling the callback from update body
D/Native  ( 2618): Calling Callback on body com.kristianlm.robotanks.box2dbridge.jnibox2d.JNIBox2DBody@40cef3a0_ID<1> x:-5.2817495E-6 y:0.11736904 angVel:2.9373041E-8
D/Native  ( 2618): Body info is 0.000000 -10.000000 0.000000 0.000000 0.000000 0.000000 Inf
D/Calling nat( 2618): Updating all positions
D/Native  ( 2618): Updating all positions
D/Native  ( 2618): Body info is 0.000229 -0.296171 0.000055 -0.000000 0.059181 0.000000 19.199999
D/Native  ( 2618): Calling the callback from update body
D/Native  ( 2618): Calling Callback on body com.kristianlm.robotanks.box2dbridge.jnibox2d.JNIBox2DBody@40cf0320_ID<2> x:2.293997E-4 y:-0.29617053 angVel:3.009336E-8
D/Native  ( 2618): Body info is -0.000015 0.134707 -0.000025 0.000000 0.009078 -0.000000 2.823529
D/Native  ( 2618): Calling the callback from update body
D/Native  ( 2618): Calling Callback on body com.kristianlm.robotanks.box2dbridge.jnibox2d.JNIBox2DBody@40cef3a0_ID<1> x:-1.54324E-5 y:0.13470693 angVel:-1.7986167E-8
D/Native  ( 2618): Body info is 0.000000 -10.000000 0.000000 0.000000 0.000000 0.000000 Inf
D/Calling nat( 2618): Updating all positions
D/Native  ( 2618): Updating all positions
D/Native  ( 2618): Body info is 0.000314 -0.229966 -0.000061 -0.000000 0.051174 0.000000 19.199999
D/Native  ( 2618): Calling the callback from update body
D/Native  ( 2618): Calling Callback on body com.kristianlm.robotanks.box2dbridge.jnibox2d.JNIBox2DBody@40cf0320_ID<2> x:3.14405E-4 y:-0.22996576 angVel:1.990702E-8
D/Native  ( 2618): Body info is -0.000057 0.152799 0.000066 -0.000000 0.009331 0.000000 2.823529
D/Native  ( 2618): Calling the callback from update body
D/Native  ( 2618): Calling Callback on body com.kristianlm.robotanks.box2dbridge.jnibox2d.JNIBox2DBody@40cef3a0_ID<1> x:-5.705557E-5 y:0.1527987 angVel:1.778244E-8
D/Native  ( 2618): Body info is 0.000000 -10.000000 0.000000 0.000000 0.000000 0.000000 Inf
D/Calling nat( 2618): Updating all positions
D/Native  ( 2618): Updating all positions
D/Native  ( 2618): Body info is 0.000465 -0.177032 -0.000006 0.000000 0.045225 -0.000000 19.199999
D/Native  ( 2618): Calling the callback from update body
D/Native  ( 2618): Calling Callback on body com.kristianlm.robotanks.box2dbridge.jnibox2d.JNIBox2DBody@40cf0320_ID<2> x:4.6457656E-4 y:-0.17703196 angVel:-1.2456439E-8
D/Native  ( 2618): Body info is -0.000130 0.170990 0.000079 -0.000000 0.008948 0.000000 2.823529
D/Native  ( 2618): Calling the callback from update body
D/Native  ( 2618): Calling Callback on body com.kristianlm.robotanks.box2dbridge.jnibox2d.JNIBox2DBody@40cef3a0_ID<1> x:-1.3024086E-4 y:0.17099041 angVel:5.2677933E-9
D/Native  ( 2618): Body info is 0.000000 -10.000000 0.000000 0.000000 0.000000 0.000000 Inf
D/Calling nat( 2618): Updating all positions
D/Native  ( 2618): Updating all positions
D/Native  ( 2618): Body info is 0.000659 -0.134316 0.000036 -0.000000 0.040656 0.000000 19.199999
D/Native  ( 2618): Calling the callback from update body
D/Native  ( 2618): Calling Callback on body com.kristianlm.robotanks.box2dbridge.jnibox2d.JNIBox2DBody@40cf0320_ID<2> x:6.592433E-4 y:-0.13431613 angVel:5.0175004E-8
D/Native  ( 2618): Body info is -0.000225 0.188699 0.000075 0.000000 0.008204 0.000000 2.823529
D/Native  ( 2618): Calling the callback from update body
D/Native  ( 2618): Calling Callback on body com.kristianlm.robotanks.box2dbridge.jnibox2d.JNIBox2DBody@40cef3a0_ID<1> x:-2.2524496E-4 y:0.18869948 angVel:2.561137E-8
D/Native  ( 2618): Body info is 0.000000 -10.000000 0.000000 0.000000 0.000000 0.000000 Inf
D/Calling nat( 2618): Updating all positions
D/Native  ( 2618): Updating all positions
D/Native  ( 2618): Body info is 0.000878 -0.099537 0.000055 -0.000000 0.037041 0.000000 19.199999
D/Native  ( 2618): Calling the callback from update body
D/Native  ( 2618): Calling Callback on body com.kristianlm.robotanks.box2dbridge.jnibox2d.JNIBox2DBody@40cf0320_ID<2> x:8.7800855E-4 y:-0.099536754 angVel:4.6449713E-8
D/Native  ( 2618): Body info is -0.000332 0.205559 0.000075 0.000000 0.007277 -0.000000 2.823529
D/Native  ( 2618): Calling the callback from update body
D/Native  ( 2618): Calling Callback on body com.kristianlm.robotanks.box2dbridge.jnibox2d.JNIBox2DBody@40cef3a0_ID<1> x:-3.320653E-4 y:0.2055589 angVel:-3.0500814E-8
D/Native  ( 2618): Body info is 0.000000 -10.000000 0.000000 0.000000 0.000000 0.000000 Inf
D/Calling nat( 2618): Updating all positions
D/Native  ( 2618): Updating all positions
D/Native  ( 2618): Body info is 0.001105 -0.070975 0.000062 -0.000000 0.034106 -0.000000 19.199999
D/Native  ( 2618): Calling the callback from update body
D/Native  ( 2618): Calling Callback on body com.kristianlm.robotanks.box2dbridge.jnibox2d.JNIBox2DBody@40cf0320_ID<2> x:0.0011049516 y:-0.07097539 angVel:-1.2805685E-8
D/Native  ( 2618): Body info is -0.000443 0.221354 0.000075 -0.000000 0.006278 -0.000000 2.823529
D/Native  ( 2618): Calling the callback from update body
D/Native  ( 2618): Calling Callback on body com.kristianlm.robotanks.box2dbridge.jnibox2d.JNIBox2DBody@40cef3a0_ID<1> x:-4.428839E-4 y:0.22135402 angVel:-3.958121E-9
D/Native  ( 2618): Body info is 0.000000 -10.000000 0.000000 0.000000 0.000000 0.000000 Inf
D/Calling nat( 2618): Updating all positions
D/Native  ( 2618): Updating all positions
D/Native  ( 2618): Body info is 0.001329 -0.047328 0.000064 -0.000000 0.031673 -0.000000 19.199999
D/Native  ( 2618): Calling the callback from update body
D/Native  ( 2618): Calling Callback on body com.kristianlm.robotanks.box2dbridge.jnibox2d.JNIBox2DBody@40cf0320_ID<2> x:0.0013289421 y:-0.04732833 angVel:-6.274786E-8
D/Native  ( 2618): Body info is -0.000552 0.235977 0.000073 0.000000 0.005273 -0.000000 2.823529
D/Native  ( 2618): Calling the callback from update body
D/Native  ( 2618): Calling Callback on body com.kristianlm.robotanks.box2dbridge.jnibox2d.JNIBox2DBody@40cef3a0_ID<1> x:-5.52258E-4 y:0.23597659 angVel:-9.662472E-9
D/Native  ( 2618): Body info is 0.000000 -10.000000 0.000000 0.000000 0.000000 0.000000 Inf
D/Calling nat( 2618): Updating all positions
D/Native  ( 2618): Updating all positions
D/Native  ( 2618): Body info is 0.001543 -0.027599 0.000062 -0.000000 0.029622 -0.000000 19.199999
D/Native  ( 2618): Calling the callback from update body
D/Native  ( 2618): Calling Callback on body com.kristianlm.robotanks.box2dbridge.jnibox2d.JNIBox2DBody@40cf0320_ID<2> x:0.001542838 y:-0.027599443 angVel:-2.0780135E-8
D/Native  ( 2618): Body info is -0.000657 0.249391 0.000070 -0.000000 0.004303 0.000000 2.823529
D/Native  ( 2618): Calling the callback from update body
D/Native  ( 2618): Calling Callback on body com.kristianlm.robotanks.box2dbridge.jnibox2d.JNIBox2DBody@40cef3a0_ID<1> x:-6.5669045E-4 y:0.2493914 angVel:2.727029E-8
D/Native  ( 2618): Body info is 0.000000 -10.000000 0.000000 0.000000 0.000000 0.000000 Inf
D/Calling nat( 2618): Updating all positions
D/Native  ( 2618): Updating all positions
D/Native  ( 2618): Body info is 0.001742 -0.011022 0.000059 0.000000 0.027872 -0.000000 19.199999
D/Native  ( 2618): Calling the callback from update body
D/Native  ( 2618): Calling Callback on body com.kristianlm.robotanks.box2dbridge.jnibox2d.JNIBox2DBody@40cf0320_ID<2> x:0.0017424752 y:-0.011022046 angVel:-4.831236E-8
D/Native  ( 2618): Body info is -0.000754 0.261612 0.000065 0.000000 0.003390 0.000000 2.823529
D/Native  ( 2618): Calling the callback from update body
D/Native  ( 2618): Calling Callback on body com.kristianlm.robotanks.box2dbridge.jnibox2d.JNIBox2DBody@40cef3a0_ID<1> x:-7.541381E-4 y:0.26161215 angVel:8.731149E-11
D/Native  ( 2618): Body info is 0.000000 -10.000000 0.000000 0.000000 0.000000 0.000000 Inf
D/Calling nat( 2618): Updating all positions
D/Native  ( 2618): Updating all positions
D/Native  ( 2618): Body info is 0.001926 0.002998 0.000055 -0.000000 0.026364 0.000000 19.199999
D/Native  ( 2618): Calling the callback from update body
D/Native  ( 2618): Calling Callback on body com.kristianlm.robotanks.box2dbridge.jnibox2d.JNIBox2DBody@40cf0320_ID<2> x:0.0019257902 y:0.0029984433 angVel:1.9208528E-8
D/Native  ( 2618): Body info is -0.000844 0.273608 0.000061 0.000000 0.003705 -0.000000 2.823529
D/Native  ( 2618): Calling the callback from update body
D/Native  ( 2618): Calling Callback on body com.kristianlm.robotanks.box2dbridge.jnibox2d.JNIBox2DBody@40cef3a0_ID<1> x:-8.435867E-4 y:0.27360803 angVel:-2.2817403E-8
D/Native  ( 2618): Body info is 0.000000 -10.000000 0.000000 0.000000 0.000000 0.000000 Inf
D/Calling nat( 2618): Updating all positions
D/Native  ( 2618): Updating all positions
D/Native  ( 2618): Body info is 0.002839 0.014702 0.032017 0.000000 0.024743 -0.000000 19.199999
D/Native  ( 2618): Calling the callback from update body
D/Native  ( 2618): Calling Callback on body com.kristianlm.robotanks.box2dbridge.jnibox2d.JNIBox2DBody@40cf0320_ID<2> x:0.0028387418 y:0.014702421 angVel:-5.9604645E-8
D/Native  ( 2618): Body info is -0.000275 0.282466 0.024984 -0.136573 0.000683 -0.136701 2.823529
D/Native  ( 2618): Calling the callback from update body
D/Native  ( 2618): Calling Callback on body com.kristianlm.robotanks.box2dbridge.jnibox2d.JNIBox2DBody@40cef3a0_ID<1> x:-2.752528E-4 y:0.2824661 angVel:-0.13670057
D/Native  ( 2618): Body info is 0.000000 -10.000000 0.000000 0.000000 0.000000 0.000000 Inf
D/Calling nat( 2618): Updating all positions
D/Native  ( 2618): Updating all positions
D/Native  ( 2618): Body info is 0.003290 0.024425 0.014840 0.000000 0.023363 0.000000 19.199999
D/Native  ( 2618): Calling the callback from update body
D/Native  ( 2618): Calling Callback on body com.kristianlm.robotanks.box2dbridge.jnibox2d.JNIBox2DBody@40cf0320_ID<2> x:0.0032900372 y:0.024424743 angVel:7.4505806E-8
D/Native  ( 2618): Body info is 0.000522 0.289275 0.033479 -0.228970 -0.000804 -0.074791 2.823529
D/Native  ( 2618): Calling the callback from update body
D/Native  ( 2618): Calling Callback on body com.kristianlm.robotanks.box2dbridge.jnibox2d.JNIBox2DBody@40cef3a0_ID<1> x:5.215641E-4 y:0.28927505 angVel:-0.074790776
D/Native  ( 2618): Body info is 0.000000 -10.000000 0.000000 0.000000 0.000000 0.000000 Inf
D/Calling nat( 2618): Updating all positions
D/Native  ( 2618): Updating all positions
D/Native  ( 2618): Body info is 0.003509 0.032659 0.005561 0.000000 0.022346 0.000000 19.199999
D/Native  ( 2618): Calling the callback from update body
D/Native  ( 2618): Calling Callback on body com.kristianlm.robotanks.box2dbridge.jnibox2d.JNIBox2DBody@40cf0320_ID<2> x:0.0035089378 y:0.0326593 angVel:3.7252903E-9
D/Native  ( 2618): Body info is 0.001220 0.296580 0.029522 -0.214228 -0.000961 -0.019047 2.823529
D/Native  ( 2618): Calling the callback from update body
D/Native  ( 2618): Calling Callback on body com.kristianlm.robotanks.box2dbridge.jnibox2d.JNIBox2DBody@40cef3a0_ID<1> x:0.0012196937 y:0.29658014 angVel:-0.01904705
D/Native  ( 2618): Body info is 0.000000 -10.000000 0.000000 0.000000 0.000000 0.000000 Inf
D/Calling nat( 2618): Updating all positions
D/Native  ( 2618): Updating all positions
D/Native  ( 2618): Body info is 0.003605 0.039925 -0.000259 0.000000 0.021687 0.000000 19.199999
D/Native  ( 2618): Calling the callback from update body
D/Native  ( 2618): Calling Callback on body com.kristianlm.robotanks.box2dbridge.jnibox2d.JNIBox2DBody@40cf0320_ID<2> x:0.0036054137 y:0.03992506 angVel:1.8323772E-7
D/Native  ( 2618): Body info is 0.001557 0.305858 0.015563 -0.133012 -0.000092 0.025243 2.823529
D/Native  ( 2618): Calling the callback from update body
D/Native  ( 2618): Calling Callback on body com.kristianlm.robotanks.box2dbridge.jnibox2d.JNIBox2DBody@40cef3a0_ID<1> x:0.0015573055 y:0.30585808 angVel:0.025243212
D/Native  ( 2618): Body info is 0.000000 -10.000000 0.000000 0.000000 0.000000 0.000000 Inf
D/Calling nat( 2618): Updating all positions
D/Native  ( 2618): Updating all positions
D/Native  ( 2618): Body info is 0.003597 0.046648 -0.005962 0.000000 0.021323 -0.000000 19.199999
D/Native  ( 2618): Calling the callback from update body
D/Native  ( 2618): Calling Callback on body com.kristianlm.robotanks.box2dbridge.jnibox2d.JNIBox2DBody@40cf0320_ID<2> x:0.003596601 y:0.04664801 angVel:-2.4959445E-7
D/Native  ( 2618): Body info is 0.001404 0.317369 -0.003339 -0.034569 0.001487 0.056878 2.823529
D/Native  ( 2618): Calling the callback from update body
D/Native  ( 2618): Calling Callback on body com.kristianlm.robotanks.box2dbridge.jnibox2d.JNIBox2DBody@40cef3a0_ID<1> x:0.001403705 y:0.31736866 angVel:0.05687751
D/Native  ( 2618): Body info is 0.000000 -10.000000 0.000000 0.000000 0.000000 0.000000 Inf
D/Calling nat( 2618): Updating all positions
D/Native  ( 2618): Updating all positions
D/Native  ( 2618): Body info is 0.003507 0.053098 -0.010917 -0.000000 0.021179 -0.000000 19.199999
D/Native  ( 2618): Calling the callback from update body
D/Native  ( 2618): Calling Callback on body com.kristianlm.robotanks.box2dbridge.jnibox2d.JNIBox2DBody@40cf0320_ID<2> x:0.0035070572 y:0.053098053 angVel:-1.0430813E-7
D/Native  ( 2618): Body info is 0.000747 0.330465 -0.022614 0.042531 0.003485 0.076422 2.823529
D/Native  ( 2618): Calling the callback from update body
D/Native  ( 2618): Calling Callback on body com.kristianlm.robotanks.box2dbridge.jnibox2d.JNIBox2DBody@40cef3a0_ID<1> x:7.466567E-4 y:0.33046508 angVel:0.076422356
D/Native  ( 2618): Body info is 0.000000 -10.000000 0.000000 0.000000 0.000000 0.000000 Inf
D/Calling nat( 2618): Updating all positions
D/Native  ( 2618): Updating all positions
D/Native  ( 2618): Body info is 0.003371 0.059388 -0.014497 0.000000 0.021184 0.000000 19.199999
D/Native  ( 2618): Calling the callback from update body
D/Native  ( 2618): Calling Callback on body com.kristianlm.robotanks.box2dbridge.jnibox2d.JNIBox2DBody@40cf0320_ID<2> x:0.0033711935 y:0.05938763 angVel:3.7252903E-8
D/Native  ( 2618): Body info is -0.000320 0.344106 -0.038143 0.079685 0.005661 0.085882 2.823529
D/Native  ( 2618): Calling the callback from update body
D/Native  ( 2618): Calling Callback on body com.kristianlm.robotanks.box2dbridge.jnibox2d.JNIBox2DBody@40cef3a0_ID<1> x:-3.2019883E-4 y:0.3441057 angVel:0.08588186
D/Native  ( 2618): Body info is 0.000000 -10.000000 0.000000 0.000000 0.000000 0.000000 Inf
D/Calling nat( 2618): Updating all positions
D/Native  ( 2618): Updating all positions
D/Native  ( 2618): Body info is 0.003228 0.065515 -0.016382 -0.000000 0.021281 0.000000 19.199999
D/Native  ( 2618): Calling the callback from update body
D/Native  ( 2618): Calling Callback on body com.kristianlm.robotanks.box2dbridge.jnibox2d.JNIBox2DBody@40cf0320_ID<2> x:0.0032282283 y:0.06551471 angVel:1.4156103E-7
D/Native  ( 2618): Body info is -0.001635 0.357329 -0.047266 0.077802 0.007829 0.087497 2.823529
D/Native  ( 2618): Calling the callback from update body
D/Native  ( 2618): Calling Callback on body com.kristianlm.robotanks.box2dbridge.jnibox2d.JNIBox2DBody@40cef3a0_ID<1> x:-0.0016351424 y:0.3573287 angVel:0.087496504
D/Native  ( 2618): Body info is 0.000000 -10.000000 0.000000 0.000000 0.000000 0.000000 Inf
D/Calling nat( 2618): Updating all positions
D/Native  ( 2618): Updating all positions
D/Native  ( 2618): Body info is 0.003117 0.071423 -0.016510 0.000000 0.021422 -0.000000 19.199999
D/Native  ( 2618): Calling the callback from update body
D/Native  ( 2618): Calling Callback on body com.kristianlm.robotanks.box2dbridge.jnibox2d.JNIBox2DBody@40cf0320_ID<2> x:0.0031171367 y:0.071422845 angVel:-4.4703484E-8
D/Native  ( 2618): Body info is -0.003015 0.369544 -0.049169 0.050498 0.009849 0.083070 2.823529
D/Native  ( 2618): Calling the callback from update body
D/Native  ( 2618): Calling Callback on body com.kristianlm.robotanks.box2dbridge.jnibox2d.JNIBox2DBody@40cef3a0_ID<1> x:-0.0030152027 y:0.36954394 angVel:0.08307014
D/Native  ( 2618): Body info is 0.000000 -10.000000 0.000000 0.000000 0.000000 0.000000 Inf
D/Calling nat( 2618): Updating all positions
D/Native  ( 2618): Updating all positions
D/Native  ( 2618): Body info is 0.003071 0.077054 -0.015042 -0.000000 0.021565 -0.000000 19.199999
D/Native  ( 2618): Calling the callback from update body
D/Native  ( 2618): Calling Callback on body com.kristianlm.robotanks.box2dbridge.jnibox2d.JNIBox2DBody@40cf0320_ID<2> x:0.003071463 y:0.0770542 angVel:-5.9604645E-8
D/Native  ( 2618): Body info is -0.004296 0.380605 -0.044631 0.015334 0.011609 0.073851 2.823529
D/Native  ( 2618): Calling the callback from update body
D/Native  ( 2618): Calling Callback on body com.kristianlm.robotanks.box2dbridge.jnibox2d.JNIBox2DBody@40cef3a0_ID<1> x:-0.0042961733 y:0.38060492 angVel:0.07385069
D/Native  ( 2618): Body info is 0.000000 -10.000000 0.000000 0.000000 0.000000 0.000000 Inf
D/Calling nat( 2618): Updating all positions
D/Native  ( 2618): Updating all positions
D/Native  ( 2618): Body info is 0.003115 0.082382 -0.012304 -0.000000 0.021669 0.000000 19.199999
D/Native  ( 2618): Calling the callback from update body
D/Native  ( 2618): Calling Callback on body com.kristianlm.robotanks.box2dbridge.jnibox2d.JNIBox2DBody@40cf0320_ID<2> x:0.0031151415 y:0.08238168 angVel:8.940697E-8
D/Native  ( 2618): Body info is -0.005358 0.390710 -0.035435 -0.013346 0.013022 0.060724 2.823529
D/Native  ( 2618): Calling the callback from update body
D/Native  ( 2618): Calling Callback on body com.kristianlm.robotanks.box2dbridge.jnibox2d.JNIBox2DBody@40cef3a0_ID<1> x:-0.005357677 y:0.39071026 angVel:0.06072364
D/Native  ( 2618): Body info is 0.000000 -10.000000 0.000000 0.000000 0.000000 0.000000 Inf
D/Calling nat( 2618): Updating all positions
D/Native  ( 2618): Updating all positions
D/Native  ( 2618): Body info is 0.003260 0.087417 -0.008710 -0.000000 0.021694 -0.000000 19.199999
D/Native  ( 2618): Calling the callback from update body
D/Native  ( 2618): Calling Callback on body com.kristianlm.robotanks.box2dbridge.jnibox2d.JNIBox2DBody@40cf0320_ID<2> x:0.0032602476 y:0.087417126 angVel:-9.685755E-8
D/Native  ( 2618): Body info is -0.006132 0.400223 -0.023712 -0.028123 0.014020 0.044503 2.823529
D/Native  ( 2618): Calling the callback from update body
D/Native  ( 2618): Calling Callback on body com.kristianlm.robotanks.box2dbridge.jnibox2d.JNIBox2DBody@40cef3a0_ID<1> x:-0.006131911 y:0.4002234 angVel:0.044503313
D/Native  ( 2618): Body info is 0.000000 -10.000000 0.000000 0.000000 0.000000 0.000000 Inf
D/Calling nat( 2618): Updating all positions
D/Native  ( 2618): Updating all positions
D/Native  ( 2618): Body info is 0.003507 0.092202 -0.004698 0.000000 0.021607 0.000000 19.199999
D/Native  ( 2618): Calling the callback from update body
D/Native  ( 2618): Calling Callback on body com.kristianlm.robotanks.box2dbridge.jnibox2d.JNIBox2DBody@40cf0320_ID<2> x:0.003506948 y:0.09220198 angVel:1.0058284E-7
D/Native  ( 2618): Body info is -0.006599 0.409498 -0.011414 -0.028668 0.014563 0.026180 2.823529
D/Native  ( 2618): Calling the callback from update body
D/Native  ( 2618): Calling Callback on body com.kristianlm.robotanks.box2dbridge.jnibox2d.JNIBox2DBody@40cef3a0_ID<1> x:-0.0065993434 y:0.40949798 angVel:0.026180178
D/Native  ( 2618): Body info is 0.000000 -10.000000 0.000000 0.000000 0.000000 0.000000 Inf
D/Calling nat( 2618): Updating all positions
D/Native  ( 2618): Updating all positions
D/Native  ( 2618): Body info is 0.003845 0.096789 -0.000675 0.000000 0.021384 -0.000000 19.199999
D/Native  ( 2618): Calling the callback from update body
D/Native  ( 2618): Calling Callback on body com.kristianlm.robotanks.box2dbridge.jnibox2d.JNIBox2DBody@40cf0320_ID<2> x:0.003845276 y:0.09678946 angVel:-5.122274E-9
D/Native  ( 2618): Body info is -0.006777 0.418765 0.000003 -0.019493 0.014641 0.007042 2.823529
D/Native  ( 2618): Calling the callback from update body
D/Native  ( 2618): Calling Callback on body com.kristianlm.robotanks.box2dbridge.jnibox2d.JNIBox2DBody@40cef3a0_ID<1> x:-0.006776874 y:0.4187649 angVel:0.007041618
D/Native  ( 2618): Body info is 0.000000 -10.000000 0.000000 0.000000 0.000000 0.000000 Inf
D/Calling nat( 2618): Updating all positions
D/Native  ( 2618): Updating all positions
D/Native  ( 2618): Body info is 0.004258 0.101228 0.003019 0.000000 0.021015 0.000000 19.199999
D/Native  ( 2618): Calling the callback from update body
D/Native  ( 2618): Calling Callback on body com.kristianlm.robotanks.box2dbridge.jnibox2d.JNIBox2DBody@40cf0320_ID<2> x:0.004257933 y:0.101227716 angVel:6.146729E-8
D/Native  ( 2618): Body info is -0.006704 0.428098 0.009657 -0.006843 0.014284 -0.011369 2.823529
D/Native  ( 2618): Calling the callback from update body
D/Native  ( 2618): Calling Callback on body com.kristianlm.robotanks.box2dbridge.jnibox2d.JNIBox2DBody@40cef3a0_ID<1> x:-0.006704037 y:0.42809787 angVel:-0.011368876
D/Native  ( 2618): Body info is 0.000000 -10.000000 0.000000 0.000000 0.000000 0.000000 Inf
D/Calling nat( 2618): Updating all positions
D/Native  ( 2618): Updating all positions
D/Native  ( 2618): Body info is 0.004723 0.105549 0.006120 -0.000000 0.020506 -0.000000 19.199999
D/Native  ( 2618): Calling the callback from update body
D/Native  ( 2618): Calling Callback on body com.kristianlm.robotanks.box2dbridge.jnibox2d.JNIBox2DBody@40cf0320_ID<2> x:0.0047232592 y:0.105549395 angVel:-3.7252903E-8
D/Native  ( 2618): Body info is -0.006431 0.437443 0.017154 0.003958 0.013556 -0.027437 2.823529
D/Native  ( 2618): Calling the callback from update body
D/Native  ( 2618): Calling Callback on body com.kristianlm.robotanks.box2dbridge.jnibox2d.JNIBox2DBody@40cef3a0_ID<1> x:-0.0064313533 y:0.43744287 angVel:-0.027437232
D/Native  ( 2618): Body info is 0.000000 -10.000000 0.000000 0.000000 0.000000 0.000000 Inf
D/Calling nat( 2618): Updating all positions
D/Native  ( 2618): Updating all positions
D/Native  ( 2618): Body info is 0.005218 0.109769 0.008446 0.000000 0.019878 0.000000 19.199999
D/Native  ( 2618): Calling the callback from update body
D/Native  ( 2618): Calling Callback on body com.kristianlm.robotanks.box2dbridge.jnibox2d.JNIBox2DBody@40cf0320_ID<2> x:0.0052177967 y:0.10976923 angVel:1.4528632E-7
D/Native  ( 2618): Body info is -0.006013 0.446680 0.022412 0.009967 0.012556 -0.039745 2.823529
D/Native  ( 2618): Calling the callback from update body
D/Native  ( 2618): Calling Callback on body com.kristianlm.robotanks.box2dbridge.jnibox2d.JNIBox2DBody@40cef3a0_ID<1> x:-0.0060127494 y:0.44668025 angVel:-0.039744984
D/Native  ( 2618): Body info is 0.000000 -10.000000 0.000000 0.000000 0.000000 0.000000 Inf
D/Calling nat( 2618): Updating all positions
D/Native  ( 2618): Updating all positions
D/Native  ( 2618): Body info is 0.005718 0.113888 0.009891 0.000000 0.019166 0.000000 19.199999
D/Native  ( 2618): Calling the callback from update body
D/Native  ( 2618): Calling Callback on body com.kristianlm.robotanks.box2dbridge.jnibox2d.JNIBox2DBody@40cf0320_ID<2> x:0.0057182363 y:0.113887906 angVel:5.2154064E-8
D/Native  ( 2618): Body info is -0.005502 0.455688 0.025497 0.010805 0.011401 -0.047324 2.823529
D/Native  ( 2618): Calling the callback from update body
D/Native  ( 2618): Calling Callback on body com.kristianlm.robotanks.box2dbridge.jnibox2d.JNIBox2DBody@40cef3a0_ID<1> x:-0.0055019096 y:0.45568785 angVel:-0.04732431
D/Native  ( 2618): Body info is 0.000000 -10.000000 0.000000 0.000000 0.000000 0.000000 Inf
D/Calling nat( 2618): Updating all positions
D/Native  ( 2618): Updating all positions
D/Native  ( 2618): Body info is 0.006203 0.117899 0.010420 0.000000 0.018407 0.000000 19.199999
D/Native  ( 2618): Calling the callback from update body
D/Native  ( 2618): Calling Callback on body com.kristianlm.robotanks.box2dbridge.jnibox2d.JNIBox2DBody@40cf0320_ID<2> x:0.0062028514 y:0.117898926 angVel:1.6391277E-7
D/Native  ( 2618): Body info is -0.004951 0.464384 0.026515 0.007925 0.010216 -0.049819 2.823529
D/Native  ( 2618): Calling the callback from update body
D/Native  ( 2618): Calling Callback on body com.kristianlm.robotanks.box2dbridge.jnibox2d.JNIBox2DBody@40cef3a0_ID<1> x:-0.0049510812 y:0.46438405 angVel:-0.049818516
D/Native  ( 2618): Body info is 0.000000 -10.000000 0.000000 0.000000 0.000000 0.000000 Inf
D/Calling nat( 2618): Updating all positions
D/Native  ( 2618): Updating all positions
D/Native  ( 2618): Body info is 0.006653 0.121795 0.010065 -0.000000 0.017642 -0.000000 19.199999
D/Native  ( 2618): Calling the callback from update body
D/Native  ( 2618): Calling Callback on body com.kristianlm.robotanks.box2dbridge.jnibox2d.JNIBox2DBody@40cf0320_ID<2> x:0.006652614 y:0.12179526 angVel:-2.9802322E-8
D/Native  ( 2618): Body info is -0.004411 0.472743 0.025584 0.003521 0.009114 -0.047503 2.823529
D/Native  ( 2618): Calling the callback from update body
D/Native  ( 2618): Calling Callback on body com.kristianlm.robotanks.box2dbridge.jnibox2d.JNIBox2DBody@40cef3a0_ID<1> x:-0.004410542 y:0.4727429 angVel:-0.047502883
D/Native  ( 2618): Body info is 0.000000 -10.000000 0.000000 0.000000 0.000000 0.000000 Inf
D/Calling nat( 2618): Updating all positions
D/Native  ( 2618): Updating all positions
D/Native  ( 2618): Body info is 0.007052 0.125574 0.008919 -0.000000 0.016910 0.000000 19.199999
D/Native  ( 2618): Calling the callback from update body
D/Native  ( 2618): Calling Callback on body com.kristianlm.robotanks.box2dbridge.jnibox2d.JNIBox2DBody@40cf0320_ID<2> x:0.007052115 y:0.12557374 angVel:4.4703484E-8
D/Native  ( 2618): Body info is -0.003927 0.480786 0.022858 -0.000452 0.008187 -0.041174 2.823529
D/Native  ( 2618): Calling the callback from update body
D/Native  ( 2618): Calling Callback on body com.kristianlm.robotanks.box2dbridge.jnibox2d.JNIBox2DBody@40cef3a0_ID<1> x:-0.0039273547 y:0.4807857 angVel:-0.04117383
D/Native  ( 2618): Body info is 0.000000 -10.000000 0.000000 0.000000 0.000000 0.000000 Inf
D/Calling nat( 2618): Updating all positions
D/Native  ( 2618): Updating all positions
D/Native  ( 2618): Body info is 0.007390 0.129236 0.007132 0.000000 0.016240 0.000000 19.199999
D/Native  ( 2618): Calling the callback from update body
D/Native  ( 2618): Calling Callback on body com.kristianlm.robotanks.box2dbridge.jnibox2d.JNIBox2DBody@40cf0320_ID<2> x:0.0073902956 y:0.12923647 angVel:8.195639E-8
D/Native  ( 2618): Body info is -0.003543 0.488560 0.018573 -0.002843 0.007500 -0.031954 2.823529
D/Native  ( 2618): Calling the callback from update body
D/Native  ( 2618): Calling Callback on body com.kristianlm.robotanks.box2dbridge.jnibox2d.JNIBox2DBody@40cef3a0_ID<1> x:-0.0035429609 y:0.4885598 angVel:-0.031953912
D/Native  ( 2618): Body info is 0.000000 -10.000000 0.000000 0.000000 0.000000 0.000000 Inf
D/Calling nat( 2618): Updating all positions
D/Native  ( 2618): Updating all positions
D/Native  ( 2618): Body info is 0.007661 0.132790 0.004895 0.000000 0.015653 0.000000 19.199999
D/Native  ( 2618): Calling the callback from update body
D/Native  ( 2618): Calling Callback on body com.kristianlm.robotanks.box2dbridge.jnibox2d.JNIBox2DBody@40cf0320_ID<2> x:0.0076609347 y:0.13278985 angVel:4.8428774E-8
D/Native  ( 2618): Body info is -0.003290 0.496116 0.013085 -0.003418 0.007085 -0.021078 2.823529
D/Native  ( 2618): Calling the callback from update body
D/Native  ( 2618): Calling Callback on body com.kristianlm.robotanks.box2dbridge.jnibox2d.JNIBox2DBody@40cef3a0_ID<1> x:-0.0032899762 y:0.49611586 angVel:-0.02107806
D/Native  ( 2618): Body info is 0.000000 -10.000000 0.000000 0.000000 0.000000 0.000000 Inf
D/Calling nat( 2618): Updating all positions
D/Native  ( 2618): Updating all positions
D/Native  ( 2618): Body info is 0.007863 0.136242 0.002419 -0.000000 0.015162 0.000000 19.199999
D/Native  ( 2618): Calling the callback from update body
D/Native  ( 2618): Calling Callback on body com.kristianlm.robotanks.box2dbridge.jnibox2d.JNIBox2DBody@40cf0320_ID<2> x:0.007862807 y:0.13624232 angVel:1.238659E-7
D/Native  ( 2618): Body info is -0.003189 0.503492 0.006863 -0.002628 0.006946 -0.009715 2.823529
D/Native  ( 2618): Calling the callback from update body
D/Native  ( 2618): Calling Callback on body com.kristianlm.robotanks.box2dbridge.jnibox2d.JNIBox2DBody@40cef3a0_ID<1> x:-0.003189088 y:0.5034915 angVel:-0.009715173
D/Native  ( 2618): Body info is 0.000000 -10.000000 0.000000 0.000000 0.000000 0.000000 Inf
D/Calling nat( 2618): Updating all positions
D/Native  ( 2618): Updating all positions
D/Native  ( 2618): Body info is 0.007999 0.139602 -0.000076 0.000000 0.014770 0.000000 19.199999
D/Native  ( 2618): Calling the callback from update body
D/Native  ( 2618): Calling Callback on body com.kristianlm.robotanks.box2dbridge.jnibox2d.JNIBox2DBody@40cf0320_ID<2> x:0.007999482 y:0.13960211 angVel:5.1833922E-8
D/Native  ( 2618): Body info is -0.003247 0.510705 0.000455 -0.001229 0.007066 0.001146 2.823529
D/Native  ( 2618): Calling the callback from update body
D/Native  ( 2618): Calling Callback on body com.kristianlm.robotanks.box2dbridge.jnibox2d.JNIBox2DBody@40cef3a0_ID<1> x:-0.0032469993 y:0.5107051 angVel:0.0011458646
D/Native  ( 2618): Body info is 0.000000 -10.000000 0.000000 0.000000 0.000000 0.000000 Inf
D/Calling nat( 2618): Updating all positions
D/Native  ( 2618): Updating all positions
D/Native  ( 2618): Body info is 0.008079 0.142876 -0.002389 -0.000000 0.014473 0.000000 19.199999
D/Native  ( 2618): Calling the callback from update body
D/Native  ( 2618): Calling Callback on body com.kristianlm.robotanks.box2dbridge.jnibox2d.JNIBox2DBody@40cf0320_ID<2> x:0.008078753 y:0.14287563 angVel:1.15484E-7
D/Native  ( 2618): Body info is -0.003456 0.517758 -0.005582 0.000078 0.007408 0.010745 2.823529
D/Native  ( 2618): Calling the callback from update body
D/Native  ( 2618): Calling Callback on body com.kristianlm.robotanks.box2dbridge.jnibox2d.JNIBox2DBody@40cef3a0_ID<1> x:-0.003456056 y:0.51775783 angVel:0.010744521
D/Native  ( 2618): Body info is 0.000000 -10.000000 0.000000 0.000000 0.000000 0.000000 Inf
D/Calling nat( 2618): Updating all positions
D/Native  ( 2618): Updating all positions
D/Native  ( 2618): Body info is 0.008112 0.146067 -0.004349 0.000000 0.014260 0.000000 19.199999
D/Native  ( 2618): Calling the callback from update body
D/Native  ( 2618): Calling Callback on body com.kristianlm.robotanks.box2dbridge.jnibox2d.JNIBox2DBody@40cf0320_ID<2> x:0.008111758 y:0.14606696 angVel:1.0058284E-7
D/Native  ( 2618): Body info is -0.003796 0.524641 -0.010751 0.000858 0.007925 0.018549 2.823529
D/Native  ( 2618): Calling the callback from update body
D/Native  ( 2618): Calling Callback on body com.kristianlm.robotanks.box2dbridge.jnibox2d.JNIBox2DBody@40cef3a0_ID<1> x:-0.0037956978 y:0.52464074 angVel:0.018549081
D/Native  ( 2618): Body info is 0.000000 -10.000000 0.000000 0.000000 0.000000 0.000000 Inf
D/Calling nat( 2618): Updating all positions
D/Native  ( 2618): Updating all positions
D/Native  ( 2618): Body info is 0.008112 0.149178 -0.005830 -0.000000 0.014118 0.000000 19.199999
D/Native  ( 2618): Calling the callback from update body
